[    0.000000] Linux version 6.2.0-26-generic (buildd@bos03-amd64-042) (x86_64-linux-gnu-gcc-11 (Ubuntu 11.3.0-1ubuntu1~22.04.1) 11.3.0, GNU ld (GNU Binutils for Ubuntu) 2.38) #26~22.04.1-Ubuntu SMP PREEMPT_DYNAMIC Thu Jul 13 16:27:29 UTC 2 (Ubuntu 6.2.0-26.26~22.04.1-generic 6.2.13)
[    0.000000] Command line: BOOT_IMAGE=/boot/vmlinuz-6.2.0-26-generic root=UUID=d8c2b794-d6db-4ee6-8a74-46bc92eea6fa ro find_preseed=/preseed.cfg auto noprompt priority=critical locale=en_US quiet splash console=ttyS0,115200 console=tty0
[    0.000000] KERNEL supported cpus:
[    0.000000]   Intel GenuineIntel
[    0.000000]   AMD AuthenticAMD
[    0.000000]   Hygon HygonGenuine
[    0.000000]   Centaur CentaurHauls
[    0.000000]   zhaoxin   Shanghai  
[    0.000000] x86/fpu: Supporting XSAVE feature 0x001: 'x87 floating point registers'
[    0.000000] x86/fpu: Supporting XSAVE feature 0x002: 'SSE registers'
[    0.000000] x86/fpu: Supporting XSAVE feature 0x004: 'AVX registers'
[    0.000000] x86/fpu: Supporting XSAVE feature 0x020: 'AVX-512 opmask'
[    0.000000] x86/fpu: Supporting XSAVE feature 0x040: 'AVX-512 Hi256'
[    0.000000] x86/fpu: Supporting XSAVE feature 0x080: 'AVX-512 ZMM_Hi256'
[    0.000000] x86/fpu: xstate_offset[2]:  576, xstate_sizes[2]:  256
[    0.000000] x86/fpu: xstate_offset[5]:  832, xstate_sizes[5]:   64
[    0.000000] x86/fpu: xstate_offset[6]:  896, xstate_sizes[6]:  512
[    0.000000] x86/fpu: xstate_offset[7]: 1408, xstate_sizes[7]: 1024
[    0.000000] x86/fpu: Enabled xstate features 0xe7, context size is 2432 bytes, using 'compacted' format.
[    0.000000] signal: max sigframe size: 3632
[    0.000000] BIOS-provided physical RAM map:
[    0.000000] BIOS-e820: [mem 0x0000000000000000-0x000000000009e7ff] usable
[    0.000000] BIOS-e820: [mem 0x000000000009e800-0x000000000009ffff] reserved
[    0.000000] BIOS-e820: [mem 0x00000000000dc000-0x00000000000fffff] reserved
[    0.000000] BIOS-e820: [mem 0x0000000000100000-0x00000000bfecffff] usable
[    0.000000] BIOS-e820: [mem 0x00000000bfed0000-0x00000000bfefefff] ACPI data
[    0.000000] BIOS-e820: [mem 0x00000000bfeff000-0x00000000bfefffff] ACPI NVS
[    0.000000] BIOS-e820: [mem 0x00000000bff00000-0x00000000bfffffff] usable
[    0.000000] BIOS-e820: [mem 0x00000000f0000000-0x00000000f7ffffff] reserved
[    0.000000] BIOS-e820: [mem 0x00000000fec00000-0x00000000fec0ffff] reserved
[    0.000000] BIOS-e820: [mem 0x00000000fee00000-0x00000000fee00fff] reserved
[    0.000000] BIOS-e820: [mem 0x00000000fffe0000-0x00000000ffffffff] reserved
[    0.000000] BIOS-e820: [mem 0x0000000100000000-0x00000001527fffff] usable
[    0.000000] NX (Execute Disable) protection: active
[    0.000000] SMBIOS 2.7 present.
[    0.000000] DMI: VMware, Inc. VMware Virtual Platform/440BX Desktop Reference Platform, BIOS 6.00 11/12/2020
[    0.000000] vmware: hypercall mode: 0x02
[    0.000000] Hypervisor detected: VMware
[    0.000000] vmware: TSC freq read from hypervisor : 3187.215 MHz
[    0.000000] vmware: Host bus clock speed read from hypervisor : 66000000 Hz
[    0.000000] vmware: using clock offset of 14715263406 ns
[    0.002012] tsc: Detected 3187.215 MHz processor
[    0.005313] e820: update [mem 0x00000000-0x00000fff] usable ==> reserved
[    0.010566] e820: remove [mem 0x000a0000-0x000fffff] usable
[    0.012392] last_pfn = 0x152800 max_arch_pfn = 0x400000000
[    0.012855] total RAM covered: 130048M
[    0.013260] Found optimal setting for mtrr clean up
[    0.013615]  gran_size: 64K 	chunk_size: 64K 	num_reg: 7  	lose cover RAM: 0G
[    0.014197] x86/PAT: Configuration [0-7]: WB  WC  UC- UC  WB  WP  UC- WT  
[    0.014435] e820: update [mem 0xc0000000-0xffffffff] usable ==> reserved
[    0.015351] last_pfn = 0xc0000 max_arch_pfn = 0x400000000
[    0.015445] found SMP MP-table at [mem 0x000f6a70-0x000f6a7f]
[    0.015526] Using GB pages for direct mapping
[    0.015598] RAMDISK: [mem 0x2eda1000-0x336c7fff]
[    0.015660] ACPI: Early table checksum verification disabled
[    0.015715] ACPI: RSDP 0x00000000000F6A00 000024 (v02 PTLTD )
[    0.015841] ACPI: XSDT 0x00000000BFEDB633 00005C (v01 INTEL  440BX    06040000 VMW  01324272)
[    0.015926] ACPI: FACP 0x00000000BFEFEE73 0000F4 (v04 INTEL  440BX    06040000 PTL  000F4240)
[    0.015983] ACPI: DSDT 0x00000000BFEDD001 021E72 (v01 PTLTD  Custom   06040000 MSFT 03000001)
[    0.016021] ACPI: FACS 0x00000000BFEFFFC0 000040
[    0.016046] ACPI: FACS 0x00000000BFEFFFC0 000040
[    0.016063] ACPI: BOOT 0x00000000BFEDCFB4 000028 (v01 PTLTD  $SBFTBL$ 06040000  LTP 00000001)
[    0.016074] ACPI: APIC 0x00000000BFEDC872 000742 (v01 PTLTD  ? APIC   06040000  LTP 00000000)
[    0.016082] ACPI: MCFG 0x00000000BFEDC836 00003C (v01 PTLTD  $PCITBL$ 06040000  LTP 00000001)
[    0.016087] ACPI: SRAT 0x00000000BFEDB72F 0008D0 (v02 VMWARE MEMPLUG  06040000 VMW  00000001)
[    0.016091] ACPI: HPET 0x00000000BFEDB6F7 000038 (v01 VMWARE VMW HPET 06040000 VMW  00000001)
[    0.016093] ACPI: WAET 0x00000000BFEDB6CF 000028 (v01 VMWARE VMW WAET 06040000 VMW  00000001)
[    0.016095] ACPI: Reserving FACP table memory at [mem 0xbfefee73-0xbfefef66]
[    0.016095] ACPI: Reserving DSDT table memory at [mem 0xbfedd001-0xbfefee72]
[    0.016095] ACPI: Reserving FACS table memory at [mem 0xbfefffc0-0xbfefffff]
[    0.016096] ACPI: Reserving FACS table memory at [mem 0xbfefffc0-0xbfefffff]
[    0.016096] ACPI: Reserving BOOT table memory at [mem 0xbfedcfb4-0xbfedcfdb]
[    0.016096] ACPI: Reserving APIC table memory at [mem 0xbfedc872-0xbfedcfb3]
[    0.016096] ACPI: Reserving MCFG table memory at [mem 0xbfedc836-0xbfedc871]
[    0.016096] ACPI: Reserving SRAT table memory at [mem 0xbfedb72f-0xbfedbffe]
[    0.016097] ACPI: Reserving HPET table memory at [mem 0xbfedb6f7-0xbfedb72e]
[    0.016097] ACPI: Reserving WAET table memory at [mem 0xbfedb6cf-0xbfedb6f6]
[    0.016097] system APIC only can use physical flat
[    0.016097] Setting APIC routing to physical flat.
[    0.016097] SRAT: PXM 0 -> APIC 0x00 -> Node 0
[    0.016097] SRAT: PXM 0 -> APIC 0x01 -> Node 0
[    0.016097] SRAT: PXM 0 -> APIC 0x02 -> Node 0
[    0.016097] SRAT: PXM 0 -> APIC 0x03 -> Node 0
[    0.016097] SRAT: PXM 0 -> APIC 0x04 -> Node 0
[    0.016097] SRAT: PXM 0 -> APIC 0x05 -> Node 0
[    0.016097] SRAT: PXM 0 -> APIC 0x06 -> Node 0
[    0.016097] SRAT: PXM 0 -> APIC 0x07 -> Node 0
[    0.016097] SRAT: PXM 0 -> APIC 0x08 -> Node 0
[    0.016097] SRAT: PXM 0 -> APIC 0x09 -> Node 0
[    0.016097] SRAT: PXM 0 -> APIC 0x0a -> Node 0
[    0.016097] SRAT: PXM 0 -> APIC 0x0b -> Node 0
[    0.016098] SRAT: PXM 0 -> APIC 0x0c -> Node 0
[    0.016098] SRAT: PXM 0 -> APIC 0x0d -> Node 0
[    0.016098] SRAT: PXM 0 -> APIC 0x0e -> Node 0
[    0.016098] SRAT: PXM 0 -> APIC 0x0f -> Node 0
[    0.016098] SRAT: PXM 0 -> APIC 0x10 -> Node 0
[    0.016098] SRAT: PXM 0 -> APIC 0x11 -> Node 0
[    0.016098] SRAT: PXM 0 -> APIC 0x12 -> Node 0
[    0.016098] SRAT: PXM 0 -> APIC 0x13 -> Node 0
[    0.016098] SRAT: PXM 0 -> APIC 0x14 -> Node 0
[    0.016098] SRAT: PXM 0 -> APIC 0x15 -> Node 0
[    0.016098] SRAT: PXM 0 -> APIC 0x16 -> Node 0
[    0.016098] SRAT: PXM 0 -> APIC 0x17 -> Node 0
[    0.016098] SRAT: PXM 0 -> APIC 0x18 -> Node 0
[    0.016098] SRAT: PXM 0 -> APIC 0x19 -> Node 0
[    0.016098] SRAT: PXM 0 -> APIC 0x1a -> Node 0
[    0.016098] SRAT: PXM 0 -> APIC 0x1b -> Node 0
[    0.016098] SRAT: PXM 0 -> APIC 0x1c -> Node 0
[    0.016098] SRAT: PXM 0 -> APIC 0x1d -> Node 0
[    0.016098] SRAT: PXM 0 -> APIC 0x1e -> Node 0
[    0.016098] SRAT: PXM 0 -> APIC 0x1f -> Node 0
[    0.016098] SRAT: PXM 0 -> APIC 0x20 -> Node 0
[    0.016098] SRAT: PXM 0 -> APIC 0x21 -> Node 0
[    0.016098] SRAT: PXM 0 -> APIC 0x22 -> Node 0
[    0.016098] SRAT: PXM 0 -> APIC 0x23 -> Node 0
[    0.016098] SRAT: PXM 0 -> APIC 0x24 -> Node 0
[    0.016098] SRAT: PXM 0 -> APIC 0x25 -> Node 0
[    0.016098] SRAT: PXM 0 -> APIC 0x26 -> Node 0
[    0.016098] SRAT: PXM 0 -> APIC 0x27 -> Node 0
[    0.016098] SRAT: PXM 0 -> APIC 0x28 -> Node 0
[    0.016098] SRAT: PXM 0 -> APIC 0x29 -> Node 0
[    0.016098] SRAT: PXM 0 -> APIC 0x2a -> Node 0
[    0.016098] SRAT: PXM 0 -> APIC 0x2b -> Node 0
[    0.016098] SRAT: PXM 0 -> APIC 0x2c -> Node 0
[    0.016098] SRAT: PXM 0 -> APIC 0x2d -> Node 0
[    0.016098] SRAT: PXM 0 -> APIC 0x2e -> Node 0
[    0.016098] SRAT: PXM 0 -> APIC 0x2f -> Node 0
[    0.016098] SRAT: PXM 0 -> APIC 0x30 -> Node 0
[    0.016098] SRAT: PXM 0 -> APIC 0x31 -> Node 0
[    0.016098] SRAT: PXM 0 -> APIC 0x32 -> Node 0
[    0.016098] SRAT: PXM 0 -> APIC 0x33 -> Node 0
[    0.016098] SRAT: PXM 0 -> APIC 0x34 -> Node 0
[    0.016098] SRAT: PXM 0 -> APIC 0x35 -> Node 0
[    0.016098] SRAT: PXM 0 -> APIC 0x36 -> Node 0
[    0.016098] SRAT: PXM 0 -> APIC 0x37 -> Node 0
[    0.016098] SRAT: PXM 0 -> APIC 0x38 -> Node 0
[    0.016098] SRAT: PXM 0 -> APIC 0x39 -> Node 0
[    0.016098] SRAT: PXM 0 -> APIC 0x3a -> Node 0
[    0.016098] SRAT: PXM 0 -> APIC 0x3b -> Node 0
[    0.016098] SRAT: PXM 0 -> APIC 0x3c -> Node 0
[    0.016098] SRAT: PXM 0 -> APIC 0x3d -> Node 0
[    0.016098] SRAT: PXM 0 -> APIC 0x3e -> Node 0
[    0.016098] SRAT: PXM 0 -> APIC 0x3f -> Node 0
[    0.016098] SRAT: PXM 0 -> APIC 0x40 -> Node 0
[    0.016098] SRAT: PXM 0 -> APIC 0x41 -> Node 0
[    0.016098] SRAT: PXM 0 -> APIC 0x42 -> Node 0
[    0.016098] SRAT: PXM 0 -> APIC 0x43 -> Node 0
[    0.016098] SRAT: PXM 0 -> APIC 0x44 -> Node 0
[    0.016098] SRAT: PXM 0 -> APIC 0x45 -> Node 0
[    0.016098] SRAT: PXM 0 -> APIC 0x46 -> Node 0
[    0.016098] SRAT: PXM 0 -> APIC 0x47 -> Node 0
[    0.016098] SRAT: PXM 0 -> APIC 0x48 -> Node 0
[    0.016098] SRAT: PXM 0 -> APIC 0x49 -> Node 0
[    0.016098] SRAT: PXM 0 -> APIC 0x4a -> Node 0
[    0.016098] SRAT: PXM 0 -> APIC 0x4b -> Node 0
[    0.016098] SRAT: PXM 0 -> APIC 0x4c -> Node 0
[    0.016098] SRAT: PXM 0 -> APIC 0x4d -> Node 0
[    0.016098] SRAT: PXM 0 -> APIC 0x4e -> Node 0
[    0.016098] SRAT: PXM 0 -> APIC 0x4f -> Node 0
[    0.016098] SRAT: PXM 0 -> APIC 0x50 -> Node 0
[    0.016098] SRAT: PXM 0 -> APIC 0x51 -> Node 0
[    0.016098] SRAT: PXM 0 -> APIC 0x52 -> Node 0
[    0.016098] SRAT: PXM 0 -> APIC 0x53 -> Node 0
[    0.016098] SRAT: PXM 0 -> APIC 0x54 -> Node 0
[    0.016098] SRAT: PXM 0 -> APIC 0x55 -> Node 0
[    0.016098] SRAT: PXM 0 -> APIC 0x56 -> Node 0
[    0.016098] SRAT: PXM 0 -> APIC 0x57 -> Node 0
[    0.016098] SRAT: PXM 0 -> APIC 0x58 -> Node 0
[    0.016098] SRAT: PXM 0 -> APIC 0x59 -> Node 0
[    0.016098] SRAT: PXM 0 -> APIC 0x5a -> Node 0
[    0.016098] SRAT: PXM 0 -> APIC 0x5b -> Node 0
[    0.016098] SRAT: PXM 0 -> APIC 0x5c -> Node 0
[    0.016098] SRAT: PXM 0 -> APIC 0x5d -> Node 0
[    0.016098] SRAT: PXM 0 -> APIC 0x5e -> Node 0
[    0.016098] SRAT: PXM 0 -> APIC 0x5f -> Node 0
[    0.016098] SRAT: PXM 0 -> APIC 0x60 -> Node 0
[    0.016098] SRAT: PXM 0 -> APIC 0x61 -> Node 0
[    0.016098] SRAT: PXM 0 -> APIC 0x62 -> Node 0
[    0.016098] SRAT: PXM 0 -> APIC 0x63 -> Node 0
[    0.016098] SRAT: PXM 0 -> APIC 0x64 -> Node 0
[    0.016098] SRAT: PXM 0 -> APIC 0x65 -> Node 0
[    0.016098] SRAT: PXM 0 -> APIC 0x66 -> Node 0
[    0.016098] SRAT: PXM 0 -> APIC 0x67 -> Node 0
[    0.016098] SRAT: PXM 0 -> APIC 0x68 -> Node 0
[    0.016098] SRAT: PXM 0 -> APIC 0x69 -> Node 0
[    0.016098] SRAT: PXM 0 -> APIC 0x6a -> Node 0
[    0.016098] SRAT: PXM 0 -> APIC 0x6b -> Node 0
[    0.016098] SRAT: PXM 0 -> APIC 0x6c -> Node 0
[    0.016098] SRAT: PXM 0 -> APIC 0x6d -> Node 0
[    0.016098] SRAT: PXM 0 -> APIC 0x6e -> Node 0
[    0.016098] SRAT: PXM 0 -> APIC 0x6f -> Node 0
[    0.016098] SRAT: PXM 0 -> APIC 0x70 -> Node 0
[    0.016098] SRAT: PXM 0 -> APIC 0x71 -> Node 0
[    0.016098] SRAT: PXM 0 -> APIC 0x72 -> Node 0
[    0.016098] SRAT: PXM 0 -> APIC 0x73 -> Node 0
[    0.016098] SRAT: PXM 0 -> APIC 0x74 -> Node 0
[    0.016098] SRAT: PXM 0 -> APIC 0x75 -> Node 0
[    0.016098] SRAT: PXM 0 -> APIC 0x76 -> Node 0
[    0.016098] SRAT: PXM 0 -> APIC 0x77 -> Node 0
[    0.016098] SRAT: PXM 0 -> APIC 0x78 -> Node 0
[    0.016098] SRAT: PXM 0 -> APIC 0x79 -> Node 0
[    0.016098] SRAT: PXM 0 -> APIC 0x7a -> Node 0
[    0.016098] SRAT: PXM 0 -> APIC 0x7b -> Node 0
[    0.016098] SRAT: PXM 0 -> APIC 0x7c -> Node 0
[    0.016098] SRAT: PXM 0 -> APIC 0x7d -> Node 0
[    0.016098] SRAT: PXM 0 -> APIC 0x7e -> Node 0
[    0.016098] SRAT: PXM 0 -> APIC 0x7f -> Node 0
[    0.016098] ACPI: SRAT: Node 0 PXM 0 [mem 0x00000000-0x0009ffff]
[    0.016098] ACPI: SRAT: Node 0 PXM 0 [mem 0x00100000-0xbfffffff]
[    0.016098] ACPI: SRAT: Node 0 PXM 0 [mem 0x100000000-0x1527fffff]
[    0.016098] ACPI: SRAT: Node 0 PXM 0 [mem 0x152800000-0x1167ffffff] hotplug
[    0.016098] NUMA: Node 0 [mem 0x00000000-0x0009ffff] + [mem 0x00100000-0xbfffffff] -> [mem 0x00000000-0xbfffffff]
[    0.016098] NUMA: Node 0 [mem 0x00000000-0xbfffffff] + [mem 0x100000000-0x1527fffff] -> [mem 0x00000000-0x1527fffff]
[    0.016098] NODE_DATA(0) allocated [mem 0x1527d3000-0x1527fdfff]
[    0.016098] Zone ranges:
[    0.016098]   DMA      [mem 0x0000000000001000-0x0000000000ffffff]
[    0.016098]   DMA32    [mem 0x0000000001000000-0x00000000ffffffff]
[    0.016098]   Normal   [mem 0x0000000100000000-0x00000001527fffff]
[    0.016098]   Device   empty
[    0.016098] Movable zone start for each node
[    0.016098] Early memory node ranges
[    0.016098]   node   0: [mem 0x0000000000001000-0x000000000009dfff]
[    0.016098]   node   0: [mem 0x0000000000100000-0x00000000bfecffff]
[    0.016098]   node   0: [mem 0x00000000bff00000-0x00000000bfffffff]
[    0.016098]   node   0: [mem 0x0000000100000000-0x00000001527fffff]
[    0.016098] Initmem setup node 0 [mem 0x0000000000001000-0x00000001527fffff]
[    0.016098] On node 0, zone DMA: 1 pages in unavailable ranges
[    0.016098] On node 0, zone DMA: 98 pages in unavailable ranges
[    0.046993] On node 0, zone DMA32: 48 pages in unavailable ranges
[    0.049997] On node 0, zone Normal: 22528 pages in unavailable ranges
[    0.052625] ACPI: PM-Timer IO Port: 0x1008
[    0.054925] system APIC only can use physical flat
[    0.056937] ACPI: LAPIC_NMI (acpi_id[0x00] high edge lint[0x1])
[    0.058698] ACPI: LAPIC_NMI (acpi_id[0x01] high edge lint[0x1])
[    0.060239] ACPI: LAPIC_NMI (acpi_id[0x02] high edge lint[0x1])
[    0.061587] ACPI: LAPIC_NMI (acpi_id[0x03] high edge lint[0x1])
[    0.062766] ACPI: LAPIC_NMI (acpi_id[0x04] high edge lint[0x1])
[    0.063798] ACPI: LAPIC_NMI (acpi_id[0x05] high edge lint[0x1])
[    0.064701] ACPI: LAPIC_NMI (acpi_id[0x06] high edge lint[0x1])
[    0.065492] ACPI: LAPIC_NMI (acpi_id[0x07] high edge lint[0x1])
[    0.066183] ACPI: LAPIC_NMI (acpi_id[0x08] high edge lint[0x1])
[    0.066788] ACPI: LAPIC_NMI (acpi_id[0x09] high edge lint[0x1])
[    0.067317] ACPI: LAPIC_NMI (acpi_id[0x0a] high edge lint[0x1])
[    0.067781] ACPI: LAPIC_NMI (acpi_id[0x0b] high edge lint[0x1])
[    0.068186] ACPI: LAPIC_NMI (acpi_id[0x0c] high edge lint[0x1])
[    0.068541] ACPI: LAPIC_NMI (acpi_id[0x0d] high edge lint[0x1])
[    0.068851] ACPI: LAPIC_NMI (acpi_id[0x0e] high edge lint[0x1])
[    0.069122] ACPI: LAPIC_NMI (acpi_id[0x0f] high edge lint[0x1])
[    0.069360] ACPI: LAPIC_NMI (acpi_id[0x10] high edge lint[0x1])
[    0.069568] ACPI: LAPIC_NMI (acpi_id[0x11] high edge lint[0x1])
[    0.069750] ACPI: LAPIC_NMI (acpi_id[0x12] high edge lint[0x1])
[    0.069909] ACPI: LAPIC_NMI (acpi_id[0x13] high edge lint[0x1])
[    0.070048] ACPI: LAPIC_NMI (acpi_id[0x14] high edge lint[0x1])
[    0.070170] ACPI: LAPIC_NMI (acpi_id[0x15] high edge lint[0x1])
[    0.070277] ACPI: LAPIC_NMI (acpi_id[0x16] high edge lint[0x1])
[    0.070370] ACPI: LAPIC_NMI (acpi_id[0x17] high edge lint[0x1])
[    0.070452] ACPI: LAPIC_NMI (acpi_id[0x18] high edge lint[0x1])
[    0.070523] ACPI: LAPIC_NMI (acpi_id[0x19] high edge lint[0x1])
[    0.070586] ACPI: LAPIC_NMI (acpi_id[0x1a] high edge lint[0x1])
[    0.070640] ACPI: LAPIC_NMI (acpi_id[0x1b] high edge lint[0x1])
[    0.070688] ACPI: LAPIC_NMI (acpi_id[0x1c] high edge lint[0x1])
[    0.070730] ACPI: LAPIC_NMI (acpi_id[0x1d] high edge lint[0x1])
[    0.070767] ACPI: LAPIC_NMI (acpi_id[0x1e] high edge lint[0x1])
[    0.070799] ACPI: LAPIC_NMI (acpi_id[0x1f] high edge lint[0x1])
[    0.070827] ACPI: LAPIC_NMI (acpi_id[0x20] high edge lint[0x1])
[    0.070851] ACPI: LAPIC_NMI (acpi_id[0x21] high edge lint[0x1])
[    0.070873] ACPI: LAPIC_NMI (acpi_id[0x22] high edge lint[0x1])
[    0.070891] ACPI: LAPIC_NMI (acpi_id[0x23] high edge lint[0x1])
[    0.070908] ACPI: LAPIC_NMI (acpi_id[0x24] high edge lint[0x1])
[    0.070922] ACPI: LAPIC_NMI (acpi_id[0x25] high edge lint[0x1])
[    0.070935] ACPI: LAPIC_NMI (acpi_id[0x26] high edge lint[0x1])
[    0.070946] ACPI: LAPIC_NMI (acpi_id[0x27] high edge lint[0x1])
[    0.070956] ACPI: LAPIC_NMI (acpi_id[0x28] high edge lint[0x1])
[    0.070964] ACPI: LAPIC_NMI (acpi_id[0x29] high edge lint[0x1])
[    0.070971] ACPI: LAPIC_NMI (acpi_id[0x2a] high edge lint[0x1])
[    0.070978] ACPI: LAPIC_NMI (acpi_id[0x2b] high edge lint[0x1])
[    0.070983] ACPI: LAPIC_NMI (acpi_id[0x2c] high edge lint[0x1])
[    0.070988] ACPI: LAPIC_NMI (acpi_id[0x2d] high edge lint[0x1])
[    0.070993] ACPI: LAPIC_NMI (acpi_id[0x2e] high edge lint[0x1])
[    0.070997] ACPI: LAPIC_NMI (acpi_id[0x2f] high edge lint[0x1])
[    0.071000] ACPI: LAPIC_NMI (acpi_id[0x30] high edge lint[0x1])
[    0.071003] ACPI: LAPIC_NMI (acpi_id[0x31] high edge lint[0x1])
[    0.071005] ACPI: LAPIC_NMI (acpi_id[0x32] high edge lint[0x1])
[    0.071008] ACPI: LAPIC_NMI (acpi_id[0x33] high edge lint[0x1])
[    0.071009] ACPI: LAPIC_NMI (acpi_id[0x34] high edge lint[0x1])
[    0.071011] ACPI: LAPIC_NMI (acpi_id[0x35] high edge lint[0x1])
[    0.071013] ACPI: LAPIC_NMI (acpi_id[0x36] high edge lint[0x1])
[    0.071014] ACPI: LAPIC_NMI (acpi_id[0x37] high edge lint[0x1])
[    0.071015] ACPI: LAPIC_NMI (acpi_id[0x38] high edge lint[0x1])
[    0.071016] ACPI: LAPIC_NMI (acpi_id[0x39] high edge lint[0x1])
[    0.071017] ACPI: LAPIC_NMI (acpi_id[0x3a] high edge lint[0x1])
[    0.071018] ACPI: LAPIC_NMI (acpi_id[0x3b] high edge lint[0x1])
[    0.071018] ACPI: LAPIC_NMI (acpi_id[0x3c] high edge lint[0x1])
[    0.071019] ACPI: LAPIC_NMI (acpi_id[0x3d] high edge lint[0x1])
[    0.071019] ACPI: LAPIC_NMI (acpi_id[0x3e] high edge lint[0x1])
[    0.071020] ACPI: LAPIC_NMI (acpi_id[0x3f] high edge lint[0x1])
[    0.071020] ACPI: LAPIC_NMI (acpi_id[0x40] high edge lint[0x1])
[    0.071021] ACPI: LAPIC_NMI (acpi_id[0x41] high edge lint[0x1])
[    0.071021] ACPI: LAPIC_NMI (acpi_id[0x42] high edge lint[0x1])
[    0.071021] ACPI: LAPIC_NMI (acpi_id[0x43] high edge lint[0x1])
[    0.071021] ACPI: LAPIC_NMI (acpi_id[0x44] high edge lint[0x1])
[    0.071022] ACPI: LAPIC_NMI (acpi_id[0x45] high edge lint[0x1])
[    0.071022] ACPI: LAPIC_NMI (acpi_id[0x46] high edge lint[0x1])
[    0.071022] ACPI: LAPIC_NMI (acpi_id[0x47] high edge lint[0x1])
[    0.071022] ACPI: LAPIC_NMI (acpi_id[0x48] high edge lint[0x1])
[    0.071022] ACPI: LAPIC_NMI (acpi_id[0x49] high edge lint[0x1])
[    0.071022] ACPI: LAPIC_NMI (acpi_id[0x4a] high edge lint[0x1])
[    0.071022] ACPI: LAPIC_NMI (acpi_id[0x4b] high edge lint[0x1])
[    0.071022] ACPI: LAPIC_NMI (acpi_id[0x4c] high edge lint[0x1])
[    0.071023] ACPI: LAPIC_NMI (acpi_id[0x4d] high edge lint[0x1])
[    0.071023] ACPI: LAPIC_NMI (acpi_id[0x4e] high edge lint[0x1])
[    0.071023] ACPI: LAPIC_NMI (acpi_id[0x4f] high edge lint[0x1])
[    0.071023] ACPI: LAPIC_NMI (acpi_id[0x50] high edge lint[0x1])
[    0.071023] ACPI: LAPIC_NMI (acpi_id[0x51] high edge lint[0x1])
[    0.071023] ACPI: LAPIC_NMI (acpi_id[0x52] high edge lint[0x1])
[    0.071023] ACPI: LAPIC_NMI (acpi_id[0x53] high edge lint[0x1])
[    0.071023] ACPI: LAPIC_NMI (acpi_id[0x54] high edge lint[0x1])
[    0.071023] ACPI: LAPIC_NMI (acpi_id[0x55] high edge lint[0x1])
[    0.071023] ACPI: LAPIC_NMI (acpi_id[0x56] high edge lint[0x1])
[    0.071023] ACPI: LAPIC_NMI (acpi_id[0x57] high edge lint[0x1])
[    0.071023] ACPI: LAPIC_NMI (acpi_id[0x58] high edge lint[0x1])
[    0.071023] ACPI: LAPIC_NMI (acpi_id[0x59] high edge lint[0x1])
[    0.071023] ACPI: LAPIC_NMI (acpi_id[0x5a] high edge lint[0x1])
[    0.071023] ACPI: LAPIC_NMI (acpi_id[0x5b] high edge lint[0x1])
[    0.071023] ACPI: LAPIC_NMI (acpi_id[0x5c] high edge lint[0x1])
[    0.071023] ACPI: LAPIC_NMI (acpi_id[0x5d] high edge lint[0x1])
[    0.071023] ACPI: LAPIC_NMI (acpi_id[0x5e] high edge lint[0x1])
[    0.071023] ACPI: LAPIC_NMI (acpi_id[0x5f] high edge lint[0x1])
[    0.071023] ACPI: LAPIC_NMI (acpi_id[0x60] high edge lint[0x1])
[    0.071023] ACPI: LAPIC_NMI (acpi_id[0x61] high edge lint[0x1])
[    0.071023] ACPI: LAPIC_NMI (acpi_id[0x62] high edge lint[0x1])
[    0.071023] ACPI: LAPIC_NMI (acpi_id[0x63] high edge lint[0x1])
[    0.071023] ACPI: LAPIC_NMI (acpi_id[0x64] high edge lint[0x1])
[    0.071023] ACPI: LAPIC_NMI (acpi_id[0x65] high edge lint[0x1])
[    0.071023] ACPI: LAPIC_NMI (acpi_id[0x66] high edge lint[0x1])
[    0.071023] ACPI: LAPIC_NMI (acpi_id[0x67] high edge lint[0x1])
[    0.071023] ACPI: LAPIC_NMI (acpi_id[0x68] high edge lint[0x1])
[    0.071023] ACPI: LAPIC_NMI (acpi_id[0x69] high edge lint[0x1])
[    0.071023] ACPI: LAPIC_NMI (acpi_id[0x6a] high edge lint[0x1])
[    0.071023] ACPI: LAPIC_NMI (acpi_id[0x6b] high edge lint[0x1])
[    0.071023] ACPI: LAPIC_NMI (acpi_id[0x6c] high edge lint[0x1])
[    0.071023] ACPI: LAPIC_NMI (acpi_id[0x6d] high edge lint[0x1])
[    0.071023] ACPI: LAPIC_NMI (acpi_id[0x6e] high edge lint[0x1])
[    0.071023] ACPI: LAPIC_NMI (acpi_id[0x6f] high edge lint[0x1])
[    0.071023] ACPI: LAPIC_NMI (acpi_id[0x70] high edge lint[0x1])
[    0.071023] ACPI: LAPIC_NMI (acpi_id[0x71] high edge lint[0x1])
[    0.071023] ACPI: LAPIC_NMI (acpi_id[0x72] high edge lint[0x1])
[    0.071023] ACPI: LAPIC_NMI (acpi_id[0x73] high edge lint[0x1])
[    0.071023] ACPI: LAPIC_NMI (acpi_id[0x74] high edge lint[0x1])
[    0.071023] ACPI: LAPIC_NMI (acpi_id[0x75] high edge lint[0x1])
[    0.071023] ACPI: LAPIC_NMI (acpi_id[0x76] high edge lint[0x1])
[    0.071023] ACPI: LAPIC_NMI (acpi_id[0x77] high edge lint[0x1])
[    0.071023] ACPI: LAPIC_NMI (acpi_id[0x78] high edge lint[0x1])
[    0.071023] ACPI: LAPIC_NMI (acpi_id[0x79] high edge lint[0x1])
[    0.071023] ACPI: LAPIC_NMI (acpi_id[0x7a] high edge lint[0x1])
[    0.071023] ACPI: LAPIC_NMI (acpi_id[0x7b] high edge lint[0x1])
[    0.071023] ACPI: LAPIC_NMI (acpi_id[0x7c] high edge lint[0x1])
[    0.071023] ACPI: LAPIC_NMI (acpi_id[0x7d] high edge lint[0x1])
[    0.071023] ACPI: LAPIC_NMI (acpi_id[0x7e] high edge lint[0x1])
[    0.071023] ACPI: LAPIC_NMI (acpi_id[0x7f] high edge lint[0x1])
[    0.071023] IOAPIC[0]: apic_id 128, version 32, address 0xfec00000, GSI 0-23
[    0.071023] ACPI: INT_SRC_OVR (bus 0 bus_irq 0 global_irq 2 high edge)
[    0.071023] ACPI: Using ACPI (MADT) for SMP configuration information
[    0.071023] ACPI: HPET id: 0x8086af01 base: 0xfed00000
[    0.071023] smpboot: Allowing 128 CPUs, 124 hotplug CPUs
[    0.071023] PM: hibernation: Registered nosave memory: [mem 0x00000000-0x00000fff]
[    0.071023] PM: hibernation: Registered nosave memory: [mem 0x0009e000-0x0009efff]
[    0.071023] PM: hibernation: Registered nosave memory: [mem 0x0009f000-0x0009ffff]
[    0.071023] PM: hibernation: Registered nosave memory: [mem 0x000a0000-0x000dbfff]
[    0.071023] PM: hibernation: Registered nosave memory: [mem 0x000dc000-0x000fffff]
[    0.071023] PM: hibernation: Registered nosave memory: [mem 0xbfed0000-0xbfefefff]
[    0.071023] PM: hibernation: Registered nosave memory: [mem 0xbfeff000-0xbfefffff]
[    0.071023] PM: hibernation: Registered nosave memory: [mem 0xc0000000-0xefffffff]
[    0.071023] PM: hibernation: Registered nosave memory: [mem 0xf0000000-0xf7ffffff]
[    0.071023] PM: hibernation: Registered nosave memory: [mem 0xf8000000-0xfebfffff]
[    0.071023] PM: hibernation: Registered nosave memory: [mem 0xfec00000-0xfec0ffff]
[    0.071023] PM: hibernation: Registered nosave memory: [mem 0xfec10000-0xfedfffff]
[    0.071023] PM: hibernation: Registered nosave memory: [mem 0xfee00000-0xfee00fff]
[    0.071023] PM: hibernation: Registered nosave memory: [mem 0xfee01000-0xfffdffff]
[    0.071023] PM: hibernation: Registered nosave memory: [mem 0xfffe0000-0xffffffff]
[    0.071023] [mem 0xc0000000-0xefffffff] available for PCI devices
[    0.071023] Booting paravirtualized kernel on VMware hypervisor
[    0.071023] clocksource: refined-jiffies: mask: 0xffffffff max_cycles: 0xffffffff, max_idle_ns: 7645519600211568 ns
[    0.071023] setup_percpu: NR_CPUS:8192 nr_cpumask_bits:128 nr_cpu_ids:128 nr_node_ids:1
[    0.101919] percpu: Embedded 62 pages/cpu s217088 r8192 d28672 u262144
[    0.104922] pcpu-alloc: s217088 r8192 d28672 u262144 alloc=1*2097152
[    0.109850] pcpu-alloc: [0] 000 001 002 003 004 005 006 007 
[    0.122243] pcpu-alloc: [0] 008 009 010 011 012 013 014 015 
[    0.125095] pcpu-alloc: [0] 016 017 018 019 020 021 022 023 
[    0.125752] pcpu-alloc: [0] 024 025 026 027 028 029 030 031 
[    0.125903] pcpu-alloc: [0] 032 033 034 035 036 037 038 039 
[    0.125938] pcpu-alloc: [0] 040 041 042 043 044 045 046 047 
[    0.125946] pcpu-alloc: [0] 048 049 050 051 052 053 054 055 
[    0.125948] pcpu-alloc: [0] 056 057 058 059 060 061 062 063 
[    0.125948] pcpu-alloc: [0] 064 065 066 067 068 069 070 071 
[    0.125948] pcpu-alloc: [0] 072 073 074 075 076 077 078 079 
[    0.125948] pcpu-alloc: [0] 080 081 082 083 084 085 086 087 
[    0.125948] pcpu-alloc: [0] 088 089 090 091 092 093 094 095 
[    0.125948] pcpu-alloc: [0] 096 097 098 099 100 101 102 103 
[    0.125948] pcpu-alloc: [0] 104 105 106 107 108 109 110 111 
[    0.125948] pcpu-alloc: [0] 112 113 114 115 116 117 118 119 
[    0.125948] pcpu-alloc: [0] 120 121 122 123 124 125 126 127 
[    0.125948] Fallback order for Node 0: 0 
[    0.125948] Built 1 zonelists, mobility grouping on.  Total pages: 1106480
[    0.125948] Policy zone: Normal
[    0.125948] Kernel command line: BOOT_IMAGE=/boot/vmlinuz-6.2.0-26-generic root=UUID=d8c2b794-d6db-4ee6-8a74-46bc92eea6fa ro find_preseed=/preseed.cfg auto noprompt priority=critical locale=en_US quiet splash console=ttyS0,115200 console=tty0
[    0.125948] Unknown kernel command line parameters "auto noprompt splash BOOT_IMAGE=/boot/vmlinuz-6.2.0-26-generic find_preseed=/preseed.cfg priority=critical locale=en_US", will be passed to user space.
[    0.125948] random: crng init done
[    0.125948] printk: log_buf_len individual max cpu contribution: 4096 bytes
[    0.125948] printk: log_buf_len total cpu_extra contributions: 520192 bytes
[    0.125948] printk: log_buf_len min size: 262144 bytes
[    0.125948] printk: log_buf_len: 1048576 bytes
[    0.125948] printk: early log buf free: 237024(90%)
[    0.125948] Dentry cache hash table entries: 1048576 (order: 11, 8388608 bytes, linear)
[    0.125948] Inode-cache hash table entries: 524288 (order: 10, 4194304 bytes, linear)
[    0.125948] mem auto-init: stack:off, heap alloc:on, heap free:off
[    0.125948] software IO TLB: area num 128.
[    0.125948] Memory: 4171644K/4496820K available (20480K kernel code, 4150K rwdata, 12696K rodata, 4664K init, 17644K bss, 324916K reserved, 0K cma-reserved)
[    0.125948] SLUB: HWalign=64, Order=0-3, MinObjects=0, CPUs=128, Nodes=1
[    0.125948] Kernel/User page tables isolation: enabled
[    0.125948] ftrace: allocating 53364 entries in 209 pages
[    0.125948] ftrace: allocated 209 pages with 4 groups
[    0.125948] Dynamic Preempt: voluntary
[    0.125948] rcu: Preemptible hierarchical RCU implementation.
[    0.125948] rcu: 	RCU restricting CPUs from NR_CPUS=8192 to nr_cpu_ids=128.
[    0.125948] 	Trampoline variant of Tasks RCU enabled.
[    0.125948] 	Rude variant of Tasks RCU enabled.
[    0.125948] 	Tracing variant of Tasks RCU enabled.
[    0.125948] rcu: RCU calculated value of scheduler-enlistment delay is 25 jiffies.
[    0.125948] rcu: Adjusting geometry for rcu_fanout_leaf=16, nr_cpu_ids=128
[    0.125949] NR_IRQS: 524544, nr_irqs: 1448, preallocated irqs: 16
[    0.154570] rcu: srcu_init: Setting srcu_struct sizes to big.
[    0.161386] Console: colour VGA+ 80x25
[    0.163822] printk: console [tty0] enabled
[    0.165953] printk: console [ttyS0] enabled
[    0.169450] ACPI: Core revision 20221020
[    0.180468] clocksource: hpet: mask: 0xffffffff max_cycles: 0xffffffff, max_idle_ns: 133484882848 ns
[    0.716554] APIC: Switch to symmetric I/O mode setup
[    0.748980] x2apic enabled
[    0.754362] Switched APIC routing to physical x2apic.
[    0.777557] ..TIMER: vector=0x30 apic1=0 pin1=2 apic2=-1 pin2=-1
[    0.777697] clocksource: tsc-early: mask: 0xffffffffffffffff max_cycles: 0x2df11c600c7, max_idle_ns: 440795237727 ns
[    0.777735] Calibrating delay loop (skipped) preset value.. 6374.43 BogoMIPS (lpj=12748860)
[    0.781834] pid_max: default: 131072 minimum: 1024
[    0.782466] LSM: initializing lsm=lockdown,capability,landlock,yama,integrity,apparmor
[    0.782577] landlock: Up and running.
[    0.782590] Yama: becoming mindful.
[    0.786873] AppArmor: AppArmor initialized
[    0.798129] Mount-cache hash table entries: 16384 (order: 5, 131072 bytes, linear)
[    0.806578] Mountpoint-cache hash table entries: 16384 (order: 5, 131072 bytes, linear)
[    0.838286] x86/cpu: User Mode Instruction Prevention (UMIP) activated
[    0.838536] Last level iTLB entries: 4KB 0, 2MB 0, 4MB 0
[    0.838569] Last level dTLB entries: 4KB 0, 2MB 0, 4MB 0, 1GB 0
[    0.838615] Spectre V1 : Mitigation: usercopy/swapgs barriers and __user pointer sanitization
[    0.838650] Spectre V2 : Mitigation: IBRS
[    0.838679] Spectre V2 : Spectre v2 / SpectreRSB mitigation: Filling RSB on context switch
[    0.838707] Spectre V2 : Spectre v2 / SpectreRSB : Filling RSB on VMEXIT
[    0.838735] RETBleed: Mitigation: IBRS
[    0.838768] Spectre V2 : mitigation: Enabling conditional Indirect Branch Prediction Barrier
[    0.838801] Speculative Store Bypass: Mitigation: Speculative Store Bypass disabled via prctl
[    0.838839] MDS: Vulnerable: Clear CPU buffers attempted, no microcode
[    1.135179] Freeing SMP alternatives memory: 44K
[    1.154812] smpboot: CPU0: 11th Gen Intel(R) Core(TM) i5-11320H @ 3.20GHz (family: 0x6, model: 0x8c, stepping: 0x2)
[    1.162088] cblist_init_generic: Setting adjustable number of callback queues.
[    1.162207] cblist_init_generic: Setting shift to 7 and lim to 1.
[    1.162980] cblist_init_generic: Setting shift to 7 and lim to 1.
[    1.164500] cblist_init_generic: Setting shift to 7 and lim to 1.
[    1.165882] Performance Events: Icelake events, core PMU driver.
[    1.167450] core: CPUID marked event: 'cpu cycles' unavailable
[    1.167486] core: CPUID marked event: 'instructions' unavailable
[    1.167519] core: CPUID marked event: 'bus cycles' unavailable
[    1.167552] core: CPUID marked event: 'cache references' unavailable
[    1.167586] core: CPUID marked event: 'cache misses' unavailable
[    1.167619] core: CPUID marked event: 'branch instructions' unavailable
[    1.167652] core: CPUID marked event: 'branch misses' unavailable
[    1.167692] ... version:                1
[    1.167726] ... bit width:              48
[    1.167760] ... generic registers:      8
[    1.167793] ... value mask:             0000ffffffffffff
[    1.167827] ... max period:             000000007fffffff
[    1.167861] ... fixed-purpose events:   0
[    1.167894] ... event mask:             0000000f000000ff
[    1.170117] rcu: Hierarchical SRCU implementation.
[    1.170147] rcu: 	Max phase no-delay instances is 1000.
[    1.177329] NMI watchdog: Perf NMI watchdog permanently disabled
[    1.260613] smp: Bringing up secondary CPUs ...
[    1.267798] x86: Booting SMP configuration:
[    1.267832] .... node  #0, CPUs:          #1   #2
[    0.578350] smpboot: CPU 2 Converting physical 0 to logical die 1
[    1.292974]    #3
[    1.297878] smp: Brought up 1 node, 4 CPUs
[    1.297911] smpboot: Max logical packages: 64
[    1.297942] smpboot: Total of 4 processors activated (25497.72 BogoMIPS)
[    1.305715] devtmpfs: initialized
[    1.306076] x86/mm: Memory block size: 128MB
[    1.318212] ACPI: PM: Registering ACPI NVS region [mem 0xbfeff000-0xbfefffff] (4096 bytes)
[    1.321715] clocksource: jiffies: mask: 0xffffffff max_cycles: 0xffffffff, max_idle_ns: 7645041785100000 ns
[    1.346628] futex hash table entries: 32768 (order: 9, 2097152 bytes, linear)
[    1.348101] pinctrl core: initialized pinctrl subsystem
[    1.349806] PM: RTC time: 13:00:00, date: 2023-08-21
[    1.389715] NET: Registered PF_NETLINK/PF_ROUTE protocol family
[    1.394691] DMA: preallocated 512 KiB GFP_KERNEL pool for atomic allocations
[    1.394945] DMA: preallocated 512 KiB GFP_KERNEL|GFP_DMA pool for atomic allocations
[    1.395169] DMA: preallocated 512 KiB GFP_KERNEL|GFP_DMA32 pool for atomic allocations
[    1.395260] audit: initializing netlink subsys (disabled)
[    1.395455] audit: type=2000 audit(1692622799.664:1): state=initialized audit_enabled=0 res=1
[    1.399465] thermal_sys: Registered thermal governor 'fair_share'
[    1.399496] thermal_sys: Registered thermal governor 'bang_bang'
[    1.399524] thermal_sys: Registered thermal governor 'step_wise'
[    1.399552] thermal_sys: Registered thermal governor 'user_space'
[    1.399579] thermal_sys: Registered thermal governor 'power_allocator'
[    1.399648] EISA bus registered
[    1.400341] cpuidle: using governor ladder
[    1.405715] cpuidle: using governor menu
[    1.406255] Simple Boot Flag at 0x36 set to 0x80
[    1.406737] acpiphp: ACPI Hot Plug PCI Controller Driver version: 0.5
[    1.410444] PCI: MMCONFIG for domain 0000 [bus 00-7f] at [mem 0xf0000000-0xf7ffffff] (base 0xf0000000)
[    1.410491] PCI: MMCONFIG at [mem 0xf0000000-0xf7ffffff] reserved as E820 entry
[    1.410567] PCI: Using configuration type 1 for base access
[    1.413119] kprobes: kprobe jump-optimization is enabled. All kprobes are optimized if possible.
[    1.422228] HugeTLB: registered 1.00 GiB page size, pre-allocated 0 pages
[    1.422268] HugeTLB: 16380 KiB vmemmap can be freed for a 1.00 GiB page
[    1.422306] HugeTLB: registered 2.00 MiB page size, pre-allocated 0 pages
[    1.422340] HugeTLB: 28 KiB vmemmap can be freed for a 2.00 MiB page
[    1.437715] ACPI: Added _OSI(Module Device)
[    1.437715] ACPI: Added _OSI(Processor Device)
[    1.437715] ACPI: Added _OSI(3.0 _SCP Extensions)
[    1.437715] ACPI: Added _OSI(Processor Aggregator Device)
[    1.549883] ACPI: 1 ACPI AML tables successfully acquired and loaded
[    1.558144] ACPI: [Firmware Bug]: BIOS _OSI(Linux) query ignored
[    1.643727] ACPI: Interpreter enabled
[    1.643825] ACPI: PM: (supports S0 S1 S4 S5)
[    1.643863] ACPI: Using IOAPIC for interrupt routing
[    1.650999] PCI: Using host bridge windows from ACPI; if necessary, use "pci=nocrs" and report a bug
[    1.651033] PCI: Using E820 reservations for host bridge windows
[    1.656730] ACPI: Enabled 4 GPEs in block 00 to 0F
[    2.386924] ACPI: PCI Root Bridge [PCI0] (domain 0000 [bus 00-7f])
[    2.386998] acpi PNP0A03:00: _OSC: OS supports [ExtendedConfig ASPM ClockPM Segments MSI EDR HPX-Type3]
[    2.387453] acpi PNP0A03:00: _OSC: platform does not support [AER LTR DPC]
[    2.388616] acpi PNP0A03:00: _OSC: OS now controls [PCIeHotplug SHPCHotplug PME PCIeCapability]
[    2.399183] PCI host bridge to bus 0000:00
[    2.399227] pci_bus 0000:00: root bus resource [mem 0x000a0000-0x000bffff window]
[    2.399264] pci_bus 0000:00: root bus resource [mem 0x000d0000-0x000dbfff window]
[    2.399295] pci_bus 0000:00: root bus resource [mem 0xc0000000-0xfebfffff window]
[    2.399325] pci_bus 0000:00: root bus resource [io  0x0000-0x0cf7 window]
[    2.399357] pci_bus 0000:00: root bus resource [io  0x0d00-0xfeff window]
[    2.399389] pci_bus 0000:00: root bus resource [bus 00-7f]
[    2.400132] pci 0000:00:00.0: [8086:7190] type 00 class 0x060000
[    2.403710] pci 0000:00:01.0: [8086:7191] type 01 class 0x060400
[    2.449715] pci 0000:00:07.0: [8086:7110] type 00 class 0x060100
[    2.451803] pci 0000:00:07.1: [8086:7111] type 00 class 0x01018a
[    2.457372] pci 0000:00:07.1: reg 0x20: [io  0x1060-0x106f]
[    2.460103] pci 0000:00:07.1: legacy IDE quirk: reg 0x10: [io  0x01f0-0x01f7]
[    2.460138] pci 0000:00:07.1: legacy IDE quirk: reg 0x14: [io  0x03f6]
[    2.460168] pci 0000:00:07.1: legacy IDE quirk: reg 0x18: [io  0x0170-0x0177]
[    2.460197] pci 0000:00:07.1: legacy IDE quirk: reg 0x1c: [io  0x0376]
[    2.461540] pci 0000:00:07.3: [8086:7113] type 00 class 0x068000
[    2.467987] pci 0000:00:07.3: quirk: [io  0x1000-0x103f] claimed by PIIX4 ACPI
[    2.468035] pci 0000:00:07.3: quirk: [io  0x1040-0x104f] claimed by PIIX4 SMB
[    2.471002] pci 0000:00:07.7: [15ad:0740] type 00 class 0x088000
[    2.473814] pci 0000:00:07.7: reg 0x10: [io  0x1080-0x10bf]
[    2.475618] pci 0000:00:07.7: reg 0x14: [mem 0xfebc0000-0xfebfffff 64bit]
[    2.537286] pci 0000:00:0f.0: [15ad:0405] type 00 class 0x030000
[    2.541138] pci 0000:00:0f.0: reg 0x10: [io  0x1070-0x107f]
[    2.543647] pci 0000:00:0f.0: reg 0x14: [mem 0xe8000000-0xefffffff pref]
[    2.549715] pci 0000:00:0f.0: reg 0x18: [mem 0xfe000000-0xfe7fffff]
[    2.555188] pci 0000:00:0f.0: reg 0x30: [mem 0x00000000-0x00007fff pref]
[    2.555725] pci 0000:00:0f.0: Video device with shadowed ROM at [mem 0x000c0000-0x000dffff]
[    2.559750] pci 0000:00:10.0: [1000:0030] type 00 class 0x010000
[    2.561125] pci 0000:00:10.0: reg 0x10: [io  0x1400-0x14ff]
[    2.561992] pci 0000:00:10.0: reg 0x14: [mem 0xfeb80000-0xfeb9ffff 64bit]
[    2.562851] pci 0000:00:10.0: reg 0x1c: [mem 0xfeba0000-0xfebbffff 64bit]
[    2.565715] pci 0000:00:10.0: reg 0x30: [mem 0x00000000-0x00003fff pref]
[    2.565715] pci 0000:00:11.0: [15ad:0790] type 01 class 0x060401
[    2.575476] pci 0000:00:15.0: [15ad:07a0] type 01 class 0x060400
[    2.577114] pci 0000:00:15.0: PME# supported from D0 D3hot D3cold
[    2.578106] pci 0000:00:15.1: [15ad:07a0] type 01 class 0x060400
[    2.581715] pci 0000:00:15.1: PME# supported from D0 D3hot D3cold
[    2.581715] pci 0000:00:15.2: [15ad:07a0] type 01 class 0x060400
[    2.582296] pci 0000:00:15.2: PME# supported from D0 D3hot D3cold
[    2.583181] pci 0000:00:15.3: [15ad:07a0] type 01 class 0x060400
[    2.584790] pci 0000:00:15.3: PME# supported from D0 D3hot D3cold
[    2.585754] pci 0000:00:15.4: [15ad:07a0] type 01 class 0x060400
[    2.587361] pci 0000:00:15.4: PME# supported from D0 D3hot D3cold
[    2.588212] pci 0000:00:15.5: [15ad:07a0] type 01 class 0x060400
[    2.589818] pci 0000:00:15.5: PME# supported from D0 D3hot D3cold
[    2.590701] pci 0000:00:15.6: [15ad:07a0] type 01 class 0x060400
[    2.592272] pci 0000:00:15.6: PME# supported from D0 D3hot D3cold
[    2.593266] pci 0000:00:15.7: [15ad:07a0] type 01 class 0x060400
[    2.594870] pci 0000:00:15.7: PME# supported from D0 D3hot D3cold
[    2.597715] pci 0000:00:16.0: [15ad:07a0] type 01 class 0x060400
[    2.598153] pci 0000:00:16.0: PME# supported from D0 D3hot D3cold
[    2.599045] pci 0000:00:16.1: [15ad:07a0] type 01 class 0x060400
[    2.600667] pci 0000:00:16.1: PME# supported from D0 D3hot D3cold
[    2.602721] pci 0000:00:16.2: [15ad:07a0] type 01 class 0x060400
[    2.604975] pci 0000:00:16.2: PME# supported from D0 D3hot D3cold
[    2.606062] pci 0000:00:16.3: [15ad:07a0] type 01 class 0x060400
[    2.607641] pci 0000:00:16.3: PME# supported from D0 D3hot D3cold
[    2.608801] pci 0000:00:16.4: [15ad:07a0] type 01 class 0x060400
[    2.610424] pci 0000:00:16.4: PME# supported from D0 D3hot D3cold
[    2.611254] pci 0000:00:16.5: [15ad:07a0] type 01 class 0x060400
[    2.612829] pci 0000:00:16.5: PME# supported from D0 D3hot D3cold
[    2.613776] pci 0000:00:16.6: [15ad:07a0] type 01 class 0x060400
[    2.615347] pci 0000:00:16.6: PME# supported from D0 D3hot D3cold
[    2.616423] pci 0000:00:16.7: [15ad:07a0] type 01 class 0x060400
[    2.618050] pci 0000:00:16.7: PME# supported from D0 D3hot D3cold
[    2.618891] pci 0000:00:17.0: [15ad:07a0] type 01 class 0x060400
[    2.620495] pci 0000:00:17.0: PME# supported from D0 D3hot D3cold
[    2.621816] pci 0000:00:17.1: [15ad:07a0] type 01 class 0x060400
[    2.624924] pci 0000:00:17.1: PME# supported from D0 D3hot D3cold
[    2.626931] pci 0000:00:17.2: [15ad:07a0] type 01 class 0x060400
[    2.633715] pci 0000:00:17.2: PME# supported from D0 D3hot D3cold
[    2.634468] pci 0000:00:17.3: [15ad:07a0] type 01 class 0x060400
[    2.638964] pci 0000:00:17.3: PME# supported from D0 D3hot D3cold
[    2.641515] pci 0000:00:17.4: [15ad:07a0] type 01 class 0x060400
[    2.646126] pci 0000:00:17.4: PME# supported from D0 D3hot D3cold
[    2.649715] pci 0000:00:17.5: [15ad:07a0] type 01 class 0x060400
[    2.653405] pci 0000:00:17.5: PME# supported from D0 D3hot D3cold
[    2.656492] pci 0000:00:17.6: [15ad:07a0] type 01 class 0x060400
[    2.660958] pci 0000:00:17.6: PME# supported from D0 D3hot D3cold
[    2.665715] pci 0000:00:17.7: [15ad:07a0] type 01 class 0x060400
[    2.667372] pci 0000:00:17.7: PME# supported from D0 D3hot D3cold
[    2.670505] pci 0000:00:18.0: [15ad:07a0] type 01 class 0x060400
[    2.675547] pci 0000:00:18.0: PME# supported from D0 D3hot D3cold
[    2.678212] pci 0000:00:18.1: [15ad:07a0] type 01 class 0x060400
[    2.682519] pci 0000:00:18.1: PME# supported from D0 D3hot D3cold
[    2.684833] pci 0000:00:18.2: [15ad:07a0] type 01 class 0x060400
[    2.689100] pci 0000:00:18.2: PME# supported from D0 D3hot D3cold
[    2.691383] pci 0000:00:18.3: [15ad:07a0] type 01 class 0x060400
[    2.696090] pci 0000:00:18.3: PME# supported from D0 D3hot D3cold
[    2.698552] pci 0000:00:18.4: [15ad:07a0] type 01 class 0x060400
[    2.702828] pci 0000:00:18.4: PME# supported from D0 D3hot D3cold
[    2.705095] pci 0000:00:18.5: [15ad:07a0] type 01 class 0x060400
[    2.709300] pci 0000:00:18.5: PME# supported from D0 D3hot D3cold
[    2.712146] pci 0000:00:18.6: [15ad:07a0] type 01 class 0x060400
[    2.716463] pci 0000:00:18.6: PME# supported from D0 D3hot D3cold
[    2.719288] pci 0000:00:18.7: [15ad:07a0] type 01 class 0x060400
[    2.723679] pci 0000:00:18.7: PME# supported from D0 D3hot D3cold
[    2.777468] pci_bus 0000:01: extended config space not accessible
[    3.011352] pci 0000:00:01.0: PCI bridge to [bus 01]
[    3.012516] pci_bus 0000:02: extended config space not accessible
[    3.013830] acpiphp: Slot [32] registered
[    3.013941] acpiphp: Slot [33] registered
[    3.014047] acpiphp: Slot [34] registered
[    3.014148] acpiphp: Slot [35] registered
[    3.014249] acpiphp: Slot [36] registered
[    3.014422] acpiphp: Slot [37] registered
[    3.014523] acpiphp: Slot [38] registered
[    3.014623] acpiphp: Slot [39] registered
[    3.014735] acpiphp: Slot [40] registered
[    3.014902] acpiphp: Slot [41] registered
[    3.015004] acpiphp: Slot [42] registered
[    3.015104] acpiphp: Slot [43] registered
[    3.015203] acpiphp: Slot [44] registered
[    3.015369] acpiphp: Slot [45] registered
[    3.015469] acpiphp: Slot [46] registered
[    3.015569] acpiphp: Slot [47] registered
[    3.015703] acpiphp: Slot [48] registered
[    3.015809] acpiphp: Slot [49] registered
[    3.015910] acpiphp: Slot [50] registered
[    3.016011] acpiphp: Slot [51] registered
[    3.016112] acpiphp: Slot [52] registered
[    3.016279] acpiphp: Slot [53] registered
[    3.016379] acpiphp: Slot [54] registered
[    3.016478] acpiphp: Slot [55] registered
[    3.016577] acpiphp: Slot [56] registered
[    3.016678] acpiphp: Slot [57] registered
[    3.016788] acpiphp: Slot [58] registered
[    3.016888] acpiphp: Slot [59] registered
[    3.016989] acpiphp: Slot [60] registered
[    3.017180] acpiphp: Slot [61] registered
[    3.017281] acpiphp: Slot [62] registered
[    3.017380] acpiphp: Slot [63] registered
[    3.017867] pci 0000:02:00.0: [15ad:0774] type 00 class 0x0c0300
[    3.022709] pci 0000:02:00.0: reg 0x20: [io  0x2080-0x209f]
[    3.051028] pci 0000:02:01.0: [8086:100f] type 00 class 0x020000
[    3.052792] pci 0000:02:01.0: reg 0x10: [mem 0xfd5c0000-0xfd5dffff 64bit]
[    3.053808] pci 0000:02:01.0: reg 0x18: [mem 0xfdff0000-0xfdffffff 64bit]
[    3.055010] pci 0000:02:01.0: reg 0x20: [io  0x2000-0x203f]
[    3.057810] pci 0000:02:01.0: reg 0x30: [mem 0x00000000-0x0000ffff pref]
[    3.059770] pci 0000:02:01.0: PME# supported from D0 D3hot D3cold
[    3.065715] pci 0000:02:02.0: [1274:1371] type 00 class 0x040100
[    3.065715] pci 0000:02:02.0: reg 0x10: [io  0x2040-0x207f]
[    3.077110] pci 0000:02:03.0: [15ad:0770] type 00 class 0x0c0320
[    3.078342] pci 0000:02:03.0: reg 0x10: [mem 0xfd5ef000-0xfd5effff]
[    3.089470] pci 0000:02:04.0: [15ad:07e0] type 00 class 0x010601
[    3.096607] pci 0000:02:04.0: reg 0x24: [mem 0xfd5ee000-0xfd5eefff]
[    3.097809] pci 0000:02:04.0: reg 0x30: [mem 0x00000000-0x0000ffff pref]
[    3.100055] pci 0000:02:04.0: PME# supported from D3hot
[    3.313280] pci 0000:00:11.0: PCI bridge to [bus 02] (subtractive decode)
[    3.313715] pci 0000:00:11.0:   bridge window [io  0x2000-0x3fff]
[    3.313715] pci 0000:00:11.0:   bridge window [mem 0xfd500000-0xfdffffff]
[    3.313940] pci 0000:00:11.0:   bridge window [mem 0xe7b00000-0xe7ffffff 64bit pref]
[    3.313976] pci 0000:00:11.0:   bridge window [mem 0x000a0000-0x000bffff window] (subtractive decode)
[    3.314007] pci 0000:00:11.0:   bridge window [mem 0x000d0000-0x000dbfff window] (subtractive decode)
[    3.314037] pci 0000:00:11.0:   bridge window [mem 0xc0000000-0xfebfffff window] (subtractive decode)
[    3.314067] pci 0000:00:11.0:   bridge window [io  0x0000-0x0cf7 window] (subtractive decode)
[    3.314098] pci 0000:00:11.0:   bridge window [io  0x0d00-0xfeff window] (subtractive decode)
[    3.351173] pci 0000:00:15.0: PCI bridge to [bus 03]
[    3.351323] pci 0000:00:15.0:   bridge window [io  0x4000-0x4fff]
[    3.351450] pci 0000:00:15.0:   bridge window [mem 0xfd400000-0xfd4fffff]
[    3.351708] pci 0000:00:15.0:   bridge window [mem 0xe7a00000-0xe7afffff 64bit pref]
[    3.361576] pci 0000:00:15.1: PCI bridge to [bus 04]
[    3.361883] pci 0000:00:15.1:   bridge window [io  0x8000-0x8fff]
[    3.362010] pci 0000:00:15.1:   bridge window [mem 0xfd000000-0xfd0fffff]
[    3.362283] pci 0000:00:15.1:   bridge window [mem 0xe7600000-0xe76fffff 64bit pref]
[    3.372461] pci 0000:00:15.2: PCI bridge to [bus 05]
[    3.372622] pci 0000:00:15.2:   bridge window [io  0xc000-0xcfff]
[    3.372761] pci 0000:00:15.2:   bridge window [mem 0xfcc00000-0xfccfffff]
[    3.373012] pci 0000:00:15.2:   bridge window [mem 0xe7200000-0xe72fffff 64bit pref]
[    3.382640] pci 0000:00:15.3: PCI bridge to [bus 06]
[    3.382910] pci 0000:00:15.3:   bridge window [mem 0xfc800000-0xfc8fffff]
[    3.383239] pci 0000:00:15.3:   bridge window [mem 0xe6e00000-0xe6efffff 64bit pref]
[    3.393489] pci 0000:00:15.4: PCI bridge to [bus 07]
[    3.393794] pci 0000:00:15.4:   bridge window [mem 0xfc400000-0xfc4fffff]
[    3.394075] pci 0000:00:15.4:   bridge window [mem 0xe6a00000-0xe6afffff 64bit pref]
[    3.404160] pci 0000:00:15.5: PCI bridge to [bus 08]
[    3.404400] pci 0000:00:15.5:   bridge window [mem 0xfc000000-0xfc0fffff]
[    3.404628] pci 0000:00:15.5:   bridge window [mem 0xe6600000-0xe66fffff 64bit pref]
[    3.414796] pci 0000:00:15.6: PCI bridge to [bus 09]
[    3.415139] pci 0000:00:15.6:   bridge window [mem 0xfbc00000-0xfbcfffff]
[    3.415395] pci 0000:00:15.6:   bridge window [mem 0xe6200000-0xe62fffff 64bit pref]
[    3.425525] pci 0000:00:15.7: PCI bridge to [bus 0a]
[    3.425840] pci 0000:00:15.7:   bridge window [mem 0xfb800000-0xfb8fffff]
[    3.426073] pci 0000:00:15.7:   bridge window [mem 0xe5e00000-0xe5efffff 64bit pref]
[    3.435373] pci 0000:00:16.0: PCI bridge to [bus 0b]
[    3.435513] pci 0000:00:16.0:   bridge window [io  0x5000-0x5fff]
[    3.435640] pci 0000:00:16.0:   bridge window [mem 0xfd300000-0xfd3fffff]
[    3.435936] pci 0000:00:16.0:   bridge window [mem 0xe7900000-0xe79fffff 64bit pref]
[    3.449715] pci 0000:00:16.1: PCI bridge to [bus 0c]
[    3.449715] pci 0000:00:16.1:   bridge window [io  0x9000-0x9fff]
[    3.449715] pci 0000:00:16.1:   bridge window [mem 0xfcf00000-0xfcffffff]
[    3.449715] pci 0000:00:16.1:   bridge window [mem 0xe7500000-0xe75fffff 64bit pref]
[    3.457907] pci 0000:00:16.2: PCI bridge to [bus 0d]
[    3.458052] pci 0000:00:16.2:   bridge window [io  0xd000-0xdfff]
[    3.458179] pci 0000:00:16.2:   bridge window [mem 0xfcb00000-0xfcbfffff]
[    3.458405] pci 0000:00:16.2:   bridge window [mem 0xe7100000-0xe71fffff 64bit pref]
[    3.467791] pci 0000:00:16.3: PCI bridge to [bus 0e]
[    3.468054] pci 0000:00:16.3:   bridge window [mem 0xfc700000-0xfc7fffff]
[    3.468283] pci 0000:00:16.3:   bridge window [mem 0xe6d00000-0xe6dfffff 64bit pref]
[    3.479402] pci 0000:00:16.4: PCI bridge to [bus 0f]
[    3.479733] pci 0000:00:16.4:   bridge window [mem 0xfc300000-0xfc3fffff]
[    3.481715] pci 0000:00:16.4:   bridge window [mem 0xe6900000-0xe69fffff 64bit pref]
[    3.489628] pci 0000:00:16.5: PCI bridge to [bus 10]
[    3.490047] pci 0000:00:16.5:   bridge window [mem 0xfbf00000-0xfbffffff]
[    3.490349] pci 0000:00:16.5:   bridge window [mem 0xe6500000-0xe65fffff 64bit pref]
[    3.500128] pci 0000:00:16.6: PCI bridge to [bus 11]
[    3.500378] pci 0000:00:16.6:   bridge window [mem 0xfbb00000-0xfbbfffff]
[    3.500614] pci 0000:00:16.6:   bridge window [mem 0xe6100000-0xe61fffff 64bit pref]
[    3.510007] pci 0000:00:16.7: PCI bridge to [bus 12]
[    3.510261] pci 0000:00:16.7:   bridge window [mem 0xfb700000-0xfb7fffff]
[    3.510486] pci 0000:00:16.7:   bridge window [mem 0xe5d00000-0xe5dfffff 64bit pref]
[    3.520430] pci 0000:00:17.0: PCI bridge to [bus 13]
[    3.520572] pci 0000:00:17.0:   bridge window [io  0x6000-0x6fff]
[    3.520713] pci 0000:00:17.0:   bridge window [mem 0xfd200000-0xfd2fffff]
[    3.521077] pci 0000:00:17.0:   bridge window [mem 0xe7800000-0xe78fffff 64bit pref]
[    3.533715] pci 0000:00:17.1: PCI bridge to [bus 14]
[    3.533715] pci 0000:00:17.1:   bridge window [io  0xa000-0xafff]
[    3.533715] pci 0000:00:17.1:   bridge window [mem 0xfce00000-0xfcefffff]
[    3.533715] pci 0000:00:17.1:   bridge window [mem 0xe7400000-0xe74fffff 64bit pref]
[    3.542624] pci 0000:00:17.2: PCI bridge to [bus 15]
[    3.542780] pci 0000:00:17.2:   bridge window [io  0xe000-0xefff]
[    3.542907] pci 0000:00:17.2:   bridge window [mem 0xfca00000-0xfcafffff]
[    3.543139] pci 0000:00:17.2:   bridge window [mem 0xe7000000-0xe70fffff 64bit pref]
[    3.553834] pci 0000:00:17.3: PCI bridge to [bus 16]
[    3.553834] pci 0000:00:17.3:   bridge window [mem 0xfc600000-0xfc6fffff]
[    3.553888] pci 0000:00:17.3:   bridge window [mem 0xe6c00000-0xe6cfffff 64bit pref]
[    3.565715] pci 0000:00:17.4: PCI bridge to [bus 17]
[    3.565715] pci 0000:00:17.4:   bridge window [mem 0xfc200000-0xfc2fffff]
[    3.565715] pci 0000:00:17.4:   bridge window [mem 0xe6800000-0xe68fffff 64bit pref]
[    3.574070] pci 0000:00:17.5: PCI bridge to [bus 18]
[    3.574351] pci 0000:00:17.5:   bridge window [mem 0xfbe00000-0xfbefffff]
[    3.574674] pci 0000:00:17.5:   bridge window [mem 0xe6400000-0xe64fffff 64bit pref]
[    3.584307] pci 0000:00:17.6: PCI bridge to [bus 19]
[    3.584587] pci 0000:00:17.6:   bridge window [mem 0xfba00000-0xfbafffff]
[    3.584869] pci 0000:00:17.6:   bridge window [mem 0xe6000000-0xe60fffff 64bit pref]
[    3.594891] pci 0000:00:17.7: PCI bridge to [bus 1a]
[    3.595134] pci 0000:00:17.7:   bridge window [mem 0xfb600000-0xfb6fffff]
[    3.595394] pci 0000:00:17.7:   bridge window [mem 0xe5c00000-0xe5cfffff 64bit pref]
[    3.605482] pci 0000:00:18.0: PCI bridge to [bus 1b]
[    3.605838] pci 0000:00:18.0:   bridge window [io  0x7000-0x7fff]
[    3.605964] pci 0000:00:18.0:   bridge window [mem 0xfd100000-0xfd1fffff]
[    3.606262] pci 0000:00:18.0:   bridge window [mem 0xe7700000-0xe77fffff 64bit pref]
[    3.616271] pci 0000:00:18.1: PCI bridge to [bus 1c]
[    3.616536] pci 0000:00:18.1:   bridge window [io  0xb000-0xbfff]
[    3.616712] pci 0000:00:18.1:   bridge window [mem 0xfcd00000-0xfcdfffff]
[    3.616976] pci 0000:00:18.1:   bridge window [mem 0xe7300000-0xe73fffff 64bit pref]
[    3.626761] pci 0000:00:18.2: PCI bridge to [bus 1d]
[    3.627002] pci 0000:00:18.2:   bridge window [mem 0xfc900000-0xfc9fffff]
[    3.627225] pci 0000:00:18.2:   bridge window [mem 0xe6f00000-0xe6ffffff 64bit pref]
[    3.637635] pci 0000:00:18.3: PCI bridge to [bus 1e]
[    3.638039] pci 0000:00:18.3:   bridge window [mem 0xfc500000-0xfc5fffff]
[    3.638281] pci 0000:00:18.3:   bridge window [mem 0xe6b00000-0xe6bfffff 64bit pref]
[    3.649715] pci 0000:00:18.4: PCI bridge to [bus 1f]
[    3.649715] pci 0000:00:18.4:   bridge window [mem 0xfc100000-0xfc1fffff]
[    3.649715] pci 0000:00:18.4:   bridge window [mem 0xe6700000-0xe67fffff 64bit pref]
[    3.658865] pci 0000:00:18.5: PCI bridge to [bus 20]
[    3.659109] pci 0000:00:18.5:   bridge window [mem 0xfbd00000-0xfbdfffff]
[    3.659334] pci 0000:00:18.5:   bridge window [mem 0xe6300000-0xe63fffff 64bit pref]
[    3.668425] pci 0000:00:18.6: PCI bridge to [bus 21]
[    3.668777] pci 0000:00:18.6:   bridge window [mem 0xfb900000-0xfb9fffff]
[    3.668997] pci 0000:00:18.6:   bridge window [mem 0xe5f00000-0xe5ffffff 64bit pref]
[    3.678241] pci 0000:00:18.7: PCI bridge to [bus 22]
[    3.678487] pci 0000:00:18.7:   bridge window [mem 0xfb500000-0xfb5fffff]
[    3.678710] pci 0000:00:18.7:   bridge window [mem 0xe5b00000-0xe5bfffff 64bit pref]
[    3.691114] ACPI: PCI: Interrupt link LNKA configured for IRQ 9
[    3.691506] ACPI: PCI: Interrupt link LNKB configured for IRQ 11
[    3.691981] ACPI: PCI: Interrupt link LNKC configured for IRQ 10
[    3.692356] ACPI: PCI: Interrupt link LNKD configured for IRQ 7
[    3.861715] iommu: Default domain type: Translated 
[    3.861715] iommu: DMA domain TLB invalidation policy: lazy mode 
[    3.865715] SCSI subsystem initialized
[    3.865715] libata version 3.00 loaded.
[    3.865715] ACPI: bus type USB registered
[    3.865715] usbcore: registered new interface driver usbfs
[    3.865715] usbcore: registered new interface driver hub
[    3.865715] usbcore: registered new device driver usb
[    3.865715] pps_core: LinuxPPS API ver. 1 registered
[    3.865715] pps_core: Software ver. 5.3.6 - Copyright 2005-2007 Rodolfo Giometti <giometti@linux.it>
[    3.869715] PTP clock support registered
[    3.873715] EDAC MC: Ver: 3.0.0
[    3.890498] NetLabel: Initializing
[    3.890538] NetLabel:  domain hash size = 128
[    3.890574] NetLabel:  protocols = UNLABELED CIPSOv4 CALIPSO
[    3.890672] NetLabel:  unlabeled traffic allowed by default
[    3.891025] mctp: management component transport protocol core
[    3.891025] NET: Registered PF_MCTP protocol family
[    3.891025] PCI: Using ACPI for IRQ routing
[    4.997715] PCI: pci_cache_line_size set to 64 bytes
[    5.005715] e820: reserve RAM buffer [mem 0x0009e800-0x0009ffff]
[    5.005715] e820: reserve RAM buffer [mem 0xbfed0000-0xbfffffff]
[    5.005715] e820: reserve RAM buffer [mem 0x152800000-0x153ffffff]
[    5.005715] pci 0000:00:0f.0: vgaarb: setting as boot VGA device
[    5.005715] pci 0000:00:0f.0: vgaarb: bridge control possible
[    5.005715] pci 0000:00:0f.0: vgaarb: VGA device added: decodes=io+mem,owns=io+mem,locks=none
[    5.005715] vgaarb: loaded
[    5.017715] hpet0: at MMIO 0xfed00000, IRQs 2, 8, 0, 0, 0, 0, 0, 0, 0, 0, 0, 0, 0, 0, 0, 0
[    5.017715] hpet0: 16 comparators, 64-bit 14.318180 MHz counter
[    5.020019] clocksource: Switched to clocksource tsc-early
[    5.024411] VFS: Disk quotas dquot_6.6.0
[    5.024596] VFS: Dquot-cache hash table entries: 512 (order 0, 4096 bytes)
[    5.028354] AppArmor: AppArmor Filesystem Enabled
[    5.028589] pnp: PnP ACPI init
[    5.030012] system 00:00: [io  0x1000-0x103f] has been reserved
[    5.030047] system 00:00: [io  0x1040-0x104f] has been reserved
[    5.030079] system 00:00: [io  0x0cf0-0x0cf1] has been reserved
[    5.031656] system 00:04: [mem 0xfed00000-0xfed003ff] has been reserved
[    5.039276] pnp 00:06: [dma 2]
[    5.040922] system 00:07: [io  0xfce0-0xfcff] has been reserved
[    5.040968] system 00:07: [mem 0xf0000000-0xf7ffffff] has been reserved
[    5.041003] system 00:07: [mem 0xfe800000-0xfe9fffff] has been reserved
[    5.061576] pnp: PnP ACPI: found 8 devices
[    5.092154] clocksource: acpi_pm: mask: 0xffffff max_cycles: 0xffffff, max_idle_ns: 2085701024 ns
[    5.092698] NET: Registered PF_INET protocol family
[    5.111086] IP idents hash table entries: 131072 (order: 8, 1048576 bytes, linear)
[    5.111578] tcp_listen_portaddr_hash hash table entries: 4096 (order: 4, 65536 bytes, linear)
[    5.111601] Table-perturb hash table entries: 65536 (order: 6, 262144 bytes, linear)
[    5.111601] TCP established hash table entries: 65536 (order: 7, 524288 bytes, linear)
[    5.111601] TCP bind hash table entries: 65536 (order: 9, 2097152 bytes, linear)
[    5.111601] TCP: Hash tables configured (established 65536 bind 65536)
[    5.111601] MPTCP token hash table entries: 8192 (order: 5, 196608 bytes, linear)
[    5.111601] UDP hash table entries: 4096 (order: 5, 131072 bytes, linear)
[    5.111601] UDP-Lite hash table entries: 4096 (order: 5, 131072 bytes, linear)
[    5.111601] NET: Registered PF_UNIX/PF_LOCAL protocol family
[    5.111601] NET: Registered PF_XDP protocol family
[    5.111601] pci 0000:00:15.3: bridge window [io  0x1000-0x0fff] to [bus 06] add_size 1000
[    5.111601] pci 0000:00:15.4: bridge window [io  0x1000-0x0fff] to [bus 07] add_size 1000
[    5.111601] pci 0000:00:15.5: bridge window [io  0x1000-0x0fff] to [bus 08] add_size 1000
[    5.111601] pci 0000:00:15.6: bridge window [io  0x1000-0x0fff] to [bus 09] add_size 1000
[    5.111601] pci 0000:00:15.7: bridge window [io  0x1000-0x0fff] to [bus 0a] add_size 1000
[    5.111601] pci 0000:00:16.3: bridge window [io  0x1000-0x0fff] to [bus 0e] add_size 1000
[    5.111601] pci 0000:00:16.4: bridge window [io  0x1000-0x0fff] to [bus 0f] add_size 1000
[    5.111601] pci 0000:00:16.5: bridge window [io  0x1000-0x0fff] to [bus 10] add_size 1000
[    5.111601] pci 0000:00:16.6: bridge window [io  0x1000-0x0fff] to [bus 11] add_size 1000
[    5.111601] pci 0000:00:16.7: bridge window [io  0x1000-0x0fff] to [bus 12] add_size 1000
[    5.111601] pci 0000:00:17.3: bridge window [io  0x1000-0x0fff] to [bus 16] add_size 1000
[    5.111601] pci 0000:00:17.4: bridge window [io  0x1000-0x0fff] to [bus 17] add_size 1000
[    5.111601] pci 0000:00:17.5: bridge window [io  0x1000-0x0fff] to [bus 18] add_size 1000
[    5.111601] pci 0000:00:17.6: bridge window [io  0x1000-0x0fff] to [bus 19] add_size 1000
[    5.111601] pci 0000:00:17.7: bridge window [io  0x1000-0x0fff] to [bus 1a] add_size 1000
[    5.111601] pci 0000:00:18.2: bridge window [io  0x1000-0x0fff] to [bus 1d] add_size 1000
[    5.111601] pci 0000:00:18.3: bridge window [io  0x1000-0x0fff] to [bus 1e] add_size 1000
[    5.111601] pci 0000:00:18.4: bridge window [io  0x1000-0x0fff] to [bus 1f] add_size 1000
[    5.111601] pci 0000:00:18.5: bridge window [io  0x1000-0x0fff] to [bus 20] add_size 1000
[    5.111601] pci 0000:00:18.6: bridge window [io  0x1000-0x0fff] to [bus 21] add_size 1000
[    5.111601] pci 0000:00:18.7: bridge window [io  0x1000-0x0fff] to [bus 22] add_size 1000
[    5.111601] pci 0000:00:10.0: BAR 6: assigned [mem 0xc0000000-0xc0003fff pref]
[    5.111601] pci 0000:00:15.3: BAR 13: no space for [io  size 0x1000]
[    5.111601] pci 0000:00:15.3: BAR 13: failed to assign [io  size 0x1000]
[    5.111601] pci 0000:00:15.4: BAR 13: no space for [io  size 0x1000]
[    5.111601] pci 0000:00:15.4: BAR 13: failed to assign [io  size 0x1000]
[    5.111601] pci 0000:00:15.5: BAR 13: no space for [io  size 0x1000]
[    5.111601] pci 0000:00:15.5: BAR 13: failed to assign [io  size 0x1000]
[    5.111601] pci 0000:00:15.6: BAR 13: no space for [io  size 0x1000]
[    5.111601] pci 0000:00:15.6: BAR 13: failed to assign [io  size 0x1000]
[    5.111601] pci 0000:00:15.7: BAR 13: no space for [io  size 0x1000]
[    5.111601] pci 0000:00:15.7: BAR 13: failed to assign [io  size 0x1000]
[    5.111601] pci 0000:00:16.3: BAR 13: no space for [io  size 0x1000]
[    5.111601] pci 0000:00:16.3: BAR 13: failed to assign [io  size 0x1000]
[    5.111601] pci 0000:00:16.4: BAR 13: no space for [io  size 0x1000]
[    5.111601] pci 0000:00:16.4: BAR 13: failed to assign [io  size 0x1000]
[    5.111601] pci 0000:00:16.5: BAR 13: no space for [io  size 0x1000]
[    5.111601] pci 0000:00:16.5: BAR 13: failed to assign [io  size 0x1000]
[    5.111601] pci 0000:00:16.6: BAR 13: no space for [io  size 0x1000]
[    5.111601] pci 0000:00:16.6: BAR 13: failed to assign [io  size 0x1000]
[    5.111601] pci 0000:00:16.7: BAR 13: no space for [io  size 0x1000]
[    5.111601] pci 0000:00:16.7: BAR 13: failed to assign [io  size 0x1000]
[    5.111601] pci 0000:00:17.3: BAR 13: no space for [io  size 0x1000]
[    5.111601] pci 0000:00:17.3: BAR 13: failed to assign [io  size 0x1000]
[    5.111601] pci 0000:00:17.4: BAR 13: no space for [io  size 0x1000]
[    5.111601] pci 0000:00:17.4: BAR 13: failed to assign [io  size 0x1000]
[    5.111601] pci 0000:00:17.5: BAR 13: no space for [io  size 0x1000]
[    5.111601] pci 0000:00:17.5: BAR 13: failed to assign [io  size 0x1000]
[    5.111601] pci 0000:00:17.6: BAR 13: no space for [io  size 0x1000]
[    5.111601] pci 0000:00:17.6: BAR 13: failed to assign [io  size 0x1000]
[    5.111601] pci 0000:00:17.7: BAR 13: no space for [io  size 0x1000]
[    5.111601] pci 0000:00:17.7: BAR 13: failed to assign [io  size 0x1000]
[    5.111601] pci 0000:00:18.2: BAR 13: no space for [io  size 0x1000]
[    5.111601] pci 0000:00:18.2: BAR 13: failed to assign [io  size 0x1000]
[    5.111601] pci 0000:00:18.3: BAR 13: no space for [io  size 0x1000]
[    5.111601] pci 0000:00:18.3: BAR 13: failed to assign [io  size 0x1000]
[    5.111601] pci 0000:00:18.4: BAR 13: no space for [io  size 0x1000]
[    5.111601] pci 0000:00:18.4: BAR 13: failed to assign [io  size 0x1000]
[    5.111601] pci 0000:00:18.5: BAR 13: no space for [io  size 0x1000]
[    5.111601] pci 0000:00:18.5: BAR 13: failed to assign [io  size 0x1000]
[    5.111601] pci 0000:00:18.6: BAR 13: no space for [io  size 0x1000]
[    5.111601] pci 0000:00:18.6: BAR 13: failed to assign [io  size 0x1000]
[    5.111601] pci 0000:00:18.7: BAR 13: no space for [io  size 0x1000]
[    5.111601] pci 0000:00:18.7: BAR 13: failed to assign [io  size 0x1000]
[    5.111601] pci 0000:00:18.7: BAR 13: no space for [io  size 0x1000]
[    5.111601] pci 0000:00:18.7: BAR 13: failed to assign [io  size 0x1000]
[    5.111601] pci 0000:00:18.6: BAR 13: no space for [io  size 0x1000]
[    5.111601] pci 0000:00:18.6: BAR 13: failed to assign [io  size 0x1000]
[    5.111601] pci 0000:00:18.5: BAR 13: no space for [io  size 0x1000]
[    5.111601] pci 0000:00:18.5: BAR 13: failed to assign [io  size 0x1000]
[    5.111601] pci 0000:00:18.4: BAR 13: no space for [io  size 0x1000]
[    5.111601] pci 0000:00:18.4: BAR 13: failed to assign [io  size 0x1000]
[    5.111601] pci 0000:00:18.3: BAR 13: no space for [io  size 0x1000]
[    5.111601] pci 0000:00:18.3: BAR 13: failed to assign [io  size 0x1000]
[    5.111601] pci 0000:00:18.2: BAR 13: no space for [io  size 0x1000]
[    5.111601] pci 0000:00:18.2: BAR 13: failed to assign [io  size 0x1000]
[    5.111601] pci 0000:00:17.7: BAR 13: no space for [io  size 0x1000]
[    5.111601] pci 0000:00:17.7: BAR 13: failed to assign [io  size 0x1000]
[    5.111601] pci 0000:00:17.6: BAR 13: no space for [io  size 0x1000]
[    5.111601] pci 0000:00:17.6: BAR 13: failed to assign [io  size 0x1000]
[    5.111601] pci 0000:00:17.5: BAR 13: no space for [io  size 0x1000]
[    5.111601] pci 0000:00:17.5: BAR 13: failed to assign [io  size 0x1000]
[    5.111601] pci 0000:00:17.4: BAR 13: no space for [io  size 0x1000]
[    5.111601] pci 0000:00:17.4: BAR 13: failed to assign [io  size 0x1000]
[    5.111601] pci 0000:00:17.3: BAR 13: no space for [io  size 0x1000]
[    5.111601] pci 0000:00:17.3: BAR 13: failed to assign [io  size 0x1000]
[    5.111601] pci 0000:00:16.7: BAR 13: no space for [io  size 0x1000]
[    5.111601] pci 0000:00:16.7: BAR 13: failed to assign [io  size 0x1000]
[    5.111601] pci 0000:00:16.6: BAR 13: no space for [io  size 0x1000]
[    5.111601] pci 0000:00:16.6: BAR 13: failed to assign [io  size 0x1000]
[    5.111601] pci 0000:00:16.5: BAR 13: no space for [io  size 0x1000]
[    5.111601] pci 0000:00:16.5: BAR 13: failed to assign [io  size 0x1000]
[    5.111601] pci 0000:00:16.4: BAR 13: no space for [io  size 0x1000]
[    5.111601] pci 0000:00:16.4: BAR 13: failed to assign [io  size 0x1000]
[    5.111601] pci 0000:00:16.3: BAR 13: no space for [io  size 0x1000]
[    5.111601] pci 0000:00:16.3: BAR 13: failed to assign [io  size 0x1000]
[    5.111601] pci 0000:00:15.7: BAR 13: no space for [io  size 0x1000]
[    5.111601] pci 0000:00:15.7: BAR 13: failed to assign [io  size 0x1000]
[    5.111601] pci 0000:00:15.6: BAR 13: no space for [io  size 0x1000]
[    5.111601] pci 0000:00:15.6: BAR 13: failed to assign [io  size 0x1000]
[    5.111601] pci 0000:00:15.5: BAR 13: no space for [io  size 0x1000]
[    5.111601] pci 0000:00:15.5: BAR 13: failed to assign [io  size 0x1000]
[    5.111601] pci 0000:00:15.4: BAR 13: no space for [io  size 0x1000]
[    5.111601] pci 0000:00:15.4: BAR 13: failed to assign [io  size 0x1000]
[    5.111601] pci 0000:00:15.3: BAR 13: no space for [io  size 0x1000]
[    5.111601] pci 0000:00:15.3: BAR 13: failed to assign [io  size 0x1000]
[    5.111601] pci 0000:00:01.0: PCI bridge to [bus 01]
[    5.111601] pci 0000:02:01.0: BAR 6: assigned [mem 0xfd500000-0xfd50ffff pref]
[    5.111601] pci 0000:02:04.0: BAR 6: assigned [mem 0xfd510000-0xfd51ffff pref]
[    5.111601] pci 0000:00:11.0: PCI bridge to [bus 02]
[    5.111601] pci 0000:00:11.0:   bridge window [io  0x2000-0x3fff]
[    5.111601] pci 0000:00:11.0:   bridge window [mem 0xfd500000-0xfdffffff]
[    5.111601] pci 0000:00:11.0:   bridge window [mem 0xe7b00000-0xe7ffffff 64bit pref]
[    5.111601] pci 0000:00:15.0: PCI bridge to [bus 03]
[    5.111601] pci 0000:00:15.0:   bridge window [io  0x4000-0x4fff]
[    5.111601] pci 0000:00:15.0:   bridge window [mem 0xfd400000-0xfd4fffff]
[    5.111601] pci 0000:00:15.0:   bridge window [mem 0xe7a00000-0xe7afffff 64bit pref]
[    5.111601] pci 0000:00:15.1: PCI bridge to [bus 04]
[    5.111601] pci 0000:00:15.1:   bridge window [io  0x8000-0x8fff]
[    5.111601] pci 0000:00:15.1:   bridge window [mem 0xfd000000-0xfd0fffff]
[    5.111601] pci 0000:00:15.1:   bridge window [mem 0xe7600000-0xe76fffff 64bit pref]
[    5.111601] pci 0000:00:15.2: PCI bridge to [bus 05]
[    5.111601] pci 0000:00:15.2:   bridge window [io  0xc000-0xcfff]
[    5.111601] pci 0000:00:15.2:   bridge window [mem 0xfcc00000-0xfccfffff]
[    5.111601] pci 0000:00:15.2:   bridge window [mem 0xe7200000-0xe72fffff 64bit pref]
[    5.111601] pci 0000:00:15.3: PCI bridge to [bus 06]
[    5.111601] pci 0000:00:15.3:   bridge window [mem 0xfc800000-0xfc8fffff]
[    5.111601] pci 0000:00:15.3:   bridge window [mem 0xe6e00000-0xe6efffff 64bit pref]
[    5.111601] pci 0000:00:15.4: PCI bridge to [bus 07]
[    5.111601] pci 0000:00:15.4:   bridge window [mem 0xfc400000-0xfc4fffff]
[    5.111601] pci 0000:00:15.4:   bridge window [mem 0xe6a00000-0xe6afffff 64bit pref]
[    5.111601] pci 0000:00:15.5: PCI bridge to [bus 08]
[    5.111601] pci 0000:00:15.5:   bridge window [mem 0xfc000000-0xfc0fffff]
[    5.111601] pci 0000:00:15.5:   bridge window [mem 0xe6600000-0xe66fffff 64bit pref]
[    5.111601] pci 0000:00:15.6: PCI bridge to [bus 09]
[    5.111601] pci 0000:00:15.6:   bridge window [mem 0xfbc00000-0xfbcfffff]
[    5.111601] pci 0000:00:15.6:   bridge window [mem 0xe6200000-0xe62fffff 64bit pref]
[    5.111601] pci 0000:00:15.7: PCI bridge to [bus 0a]
[    5.111601] pci 0000:00:15.7:   bridge window [mem 0xfb800000-0xfb8fffff]
[    5.111601] pci 0000:00:15.7:   bridge window [mem 0xe5e00000-0xe5efffff 64bit pref]
[    5.111601] pci 0000:00:16.0: PCI bridge to [bus 0b]
[    5.111601] pci 0000:00:16.0:   bridge window [io  0x5000-0x5fff]
[    5.111601] pci 0000:00:16.0:   bridge window [mem 0xfd300000-0xfd3fffff]
[    5.111601] pci 0000:00:16.0:   bridge window [mem 0xe7900000-0xe79fffff 64bit pref]
[    5.111601] pci 0000:00:16.1: PCI bridge to [bus 0c]
[    5.111601] pci 0000:00:16.1:   bridge window [io  0x9000-0x9fff]
[    5.111601] pci 0000:00:16.1:   bridge window [mem 0xfcf00000-0xfcffffff]
[    5.111601] pci 0000:00:16.1:   bridge window [mem 0xe7500000-0xe75fffff 64bit pref]
[    5.111601] pci 0000:00:16.2: PCI bridge to [bus 0d]
[    5.111601] pci 0000:00:16.2:   bridge window [io  0xd000-0xdfff]
[    5.111601] pci 0000:00:16.2:   bridge window [mem 0xfcb00000-0xfcbfffff]
[    5.111601] pci 0000:00:16.2:   bridge window [mem 0xe7100000-0xe71fffff 64bit pref]
[    5.111601] pci 0000:00:16.3: PCI bridge to [bus 0e]
[    5.111601] pci 0000:00:16.3:   bridge window [mem 0xfc700000-0xfc7fffff]
[    5.111601] pci 0000:00:16.3:   bridge window [mem 0xe6d00000-0xe6dfffff 64bit pref]
[    5.111601] pci 0000:00:16.4: PCI bridge to [bus 0f]
[    5.111601] pci 0000:00:16.4:   bridge window [mem 0xfc300000-0xfc3fffff]
[    5.111601] pci 0000:00:16.4:   bridge window [mem 0xe6900000-0xe69fffff 64bit pref]
[    5.111601] pci 0000:00:16.5: PCI bridge to [bus 10]
[    5.111601] pci 0000:00:16.5:   bridge window [mem 0xfbf00000-0xfbffffff]
[    5.111601] pci 0000:00:16.5:   bridge window [mem 0xe6500000-0xe65fffff 64bit pref]
[    5.111601] pci 0000:00:16.6: PCI bridge to [bus 11]
[    5.111601] pci 0000:00:16.6:   bridge window [mem 0xfbb00000-0xfbbfffff]
[    5.111601] pci 0000:00:16.6:   bridge window [mem 0xe6100000-0xe61fffff 64bit pref]
[    5.111601] pci 0000:00:16.7: PCI bridge to [bus 12]
[    5.111601] pci 0000:00:16.7:   bridge window [mem 0xfb700000-0xfb7fffff]
[    5.111601] pci 0000:00:16.7:   bridge window [mem 0xe5d00000-0xe5dfffff 64bit pref]
[    5.111601] pci 0000:00:17.0: PCI bridge to [bus 13]
[    5.111601] pci 0000:00:17.0:   bridge window [io  0x6000-0x6fff]
[    5.111601] pci 0000:00:17.0:   bridge window [mem 0xfd200000-0xfd2fffff]
[    5.111601] pci 0000:00:17.0:   bridge window [mem 0xe7800000-0xe78fffff 64bit pref]
[    5.111601] pci 0000:00:17.1: PCI bridge to [bus 14]
[    5.111601] pci 0000:00:17.1:   bridge window [io  0xa000-0xafff]
[    5.111601] pci 0000:00:17.1:   bridge window [mem 0xfce00000-0xfcefffff]
[    5.111601] pci 0000:00:17.1:   bridge window [mem 0xe7400000-0xe74fffff 64bit pref]
[    5.111601] pci 0000:00:17.2: PCI bridge to [bus 15]
[    5.111601] pci 0000:00:17.2:   bridge window [io  0xe000-0xefff]
[    5.111601] pci 0000:00:17.2:   bridge window [mem 0xfca00000-0xfcafffff]
[    5.111601] pci 0000:00:17.2:   bridge window [mem 0xe7000000-0xe70fffff 64bit pref]
[    5.111601] pci 0000:00:17.3: PCI bridge to [bus 16]
[    5.111601] pci 0000:00:17.3:   bridge window [mem 0xfc600000-0xfc6fffff]
[    5.111601] pci 0000:00:17.3:   bridge window [mem 0xe6c00000-0xe6cfffff 64bit pref]
[    5.111601] pci 0000:00:17.4: PCI bridge to [bus 17]
[    5.111601] pci 0000:00:17.4:   bridge window [mem 0xfc200000-0xfc2fffff]
[    5.111601] pci 0000:00:17.4:   bridge window [mem 0xe6800000-0xe68fffff 64bit pref]
[    5.111601] pci 0000:00:17.5: PCI bridge to [bus 18]
[    5.111601] pci 0000:00:17.5:   bridge window [mem 0xfbe00000-0xfbefffff]
[    5.111601] pci 0000:00:17.5:   bridge window [mem 0xe6400000-0xe64fffff 64bit pref]
[    5.111601] pci 0000:00:17.6: PCI bridge to [bus 19]
[    5.111601] pci 0000:00:17.6:   bridge window [mem 0xfba00000-0xfbafffff]
[    5.111601] pci 0000:00:17.6:   bridge window [mem 0xe6000000-0xe60fffff 64bit pref]
[    5.111601] pci 0000:00:17.7: PCI bridge to [bus 1a]
[    5.111601] pci 0000:00:17.7:   bridge window [mem 0xfb600000-0xfb6fffff]
[    5.111601] pci 0000:00:17.7:   bridge window [mem 0xe5c00000-0xe5cfffff 64bit pref]
[    5.111601] pci 0000:00:18.0: PCI bridge to [bus 1b]
[    5.111601] pci 0000:00:18.0:   bridge window [io  0x7000-0x7fff]
[    5.111601] pci 0000:00:18.0:   bridge window [mem 0xfd100000-0xfd1fffff]
[    5.111601] pci 0000:00:18.0:   bridge window [mem 0xe7700000-0xe77fffff 64bit pref]
[    5.111601] pci 0000:00:18.1: PCI bridge to [bus 1c]
[    5.111601] pci 0000:00:18.1:   bridge window [io  0xb000-0xbfff]
[    5.111601] pci 0000:00:18.1:   bridge window [mem 0xfcd00000-0xfcdfffff]
[    5.111601] pci 0000:00:18.1:   bridge window [mem 0xe7300000-0xe73fffff 64bit pref]
[    5.111601] pci 0000:00:18.2: PCI bridge to [bus 1d]
[    5.111601] pci 0000:00:18.2:   bridge window [mem 0xfc900000-0xfc9fffff]
[    5.111601] pci 0000:00:18.2:   bridge window [mem 0xe6f00000-0xe6ffffff 64bit pref]
[    5.111601] pci 0000:00:18.3: PCI bridge to [bus 1e]
[    5.111601] pci 0000:00:18.3:   bridge window [mem 0xfc500000-0xfc5fffff]
[    5.111601] pci 0000:00:18.3:   bridge window [mem 0xe6b00000-0xe6bfffff 64bit pref]
[    5.111601] pci 0000:00:18.4: PCI bridge to [bus 1f]
[    5.111601] pci 0000:00:18.4:   bridge window [mem 0xfc100000-0xfc1fffff]
[    5.111601] pci 0000:00:18.4:   bridge window [mem 0xe6700000-0xe67fffff 64bit pref]
[    5.111601] pci 0000:00:18.5: PCI bridge to [bus 20]
[    5.111601] pci 0000:00:18.5:   bridge window [mem 0xfbd00000-0xfbdfffff]
[    5.111601] pci 0000:00:18.5:   bridge window [mem 0xe6300000-0xe63fffff 64bit pref]
[    5.111601] pci 0000:00:18.6: PCI bridge to [bus 21]
[    5.111601] pci 0000:00:18.6:   bridge window [mem 0xfb900000-0xfb9fffff]
[    5.111601] pci 0000:00:18.6:   bridge window [mem 0xe5f00000-0xe5ffffff 64bit pref]
[    5.111601] pci 0000:00:18.7: PCI bridge to [bus 22]
[    5.111601] pci 0000:00:18.7:   bridge window [mem 0xfb500000-0xfb5fffff]
[    5.111601] pci 0000:00:18.7:   bridge window [mem 0xe5b00000-0xe5bfffff 64bit pref]
[    5.111601] pci_bus 0000:00: resource 4 [mem 0x000a0000-0x000bffff window]
[    5.111601] pci_bus 0000:00: resource 5 [mem 0x000d0000-0x000dbfff window]
[    5.111601] pci_bus 0000:00: resource 6 [mem 0xc0000000-0xfebfffff window]
[    5.111601] pci_bus 0000:00: resource 7 [io  0x0000-0x0cf7 window]
[    5.111601] pci_bus 0000:00: resource 8 [io  0x0d00-0xfeff window]
[    5.111601] pci_bus 0000:02: resource 0 [io  0x2000-0x3fff]
[    5.111601] pci_bus 0000:02: resource 1 [mem 0xfd500000-0xfdffffff]
[    5.111601] pci_bus 0000:02: resource 2 [mem 0xe7b00000-0xe7ffffff 64bit pref]
[    5.111601] pci_bus 0000:02: resource 4 [mem 0x000a0000-0x000bffff window]
[    5.111601] pci_bus 0000:02: resource 5 [mem 0x000d0000-0x000dbfff window]
[    5.111601] pci_bus 0000:02: resource 6 [mem 0xc0000000-0xfebfffff window]
[    5.111601] pci_bus 0000:02: resource 7 [io  0x0000-0x0cf7 window]
[    5.111601] pci_bus 0000:02: resource 8 [io  0x0d00-0xfeff window]
[    5.111601] pci_bus 0000:03: resource 0 [io  0x4000-0x4fff]
[    5.111601] pci_bus 0000:03: resource 1 [mem 0xfd400000-0xfd4fffff]
[    5.111601] pci_bus 0000:03: resource 2 [mem 0xe7a00000-0xe7afffff 64bit pref]
[    5.111601] pci_bus 0000:04: resource 0 [io  0x8000-0x8fff]
[    5.111601] pci_bus 0000:04: resource 1 [mem 0xfd000000-0xfd0fffff]
[    5.111601] pci_bus 0000:04: resource 2 [mem 0xe7600000-0xe76fffff 64bit pref]
[    5.111601] pci_bus 0000:05: resource 0 [io  0xc000-0xcfff]
[    5.111601] pci_bus 0000:05: resource 1 [mem 0xfcc00000-0xfccfffff]
[    5.111601] pci_bus 0000:05: resource 2 [mem 0xe7200000-0xe72fffff 64bit pref]
[    5.111601] pci_bus 0000:06: resource 1 [mem 0xfc800000-0xfc8fffff]
[    5.111601] pci_bus 0000:06: resource 2 [mem 0xe6e00000-0xe6efffff 64bit pref]
[    5.111601] pci_bus 0000:07: resource 1 [mem 0xfc400000-0xfc4fffff]
[    5.111601] pci_bus 0000:07: resource 2 [mem 0xe6a00000-0xe6afffff 64bit pref]
[    5.111601] pci_bus 0000:08: resource 1 [mem 0xfc000000-0xfc0fffff]
[    5.111601] pci_bus 0000:08: resource 2 [mem 0xe6600000-0xe66fffff 64bit pref]
[    5.111601] pci_bus 0000:09: resource 1 [mem 0xfbc00000-0xfbcfffff]
[    5.111601] pci_bus 0000:09: resource 2 [mem 0xe6200000-0xe62fffff 64bit pref]
[    5.111601] pci_bus 0000:0a: resource 1 [mem 0xfb800000-0xfb8fffff]
[    5.111601] pci_bus 0000:0a: resource 2 [mem 0xe5e00000-0xe5efffff 64bit pref]
[    5.111601] pci_bus 0000:0b: resource 0 [io  0x5000-0x5fff]
[    5.111601] pci_bus 0000:0b: resource 1 [mem 0xfd300000-0xfd3fffff]
[    5.111601] pci_bus 0000:0b: resource 2 [mem 0xe7900000-0xe79fffff 64bit pref]
[    5.111601] pci_bus 0000:0c: resource 0 [io  0x9000-0x9fff]
[    5.111601] pci_bus 0000:0c: resource 1 [mem 0xfcf00000-0xfcffffff]
[    5.111601] pci_bus 0000:0c: resource 2 [mem 0xe7500000-0xe75fffff 64bit pref]
[    5.111601] pci_bus 0000:0d: resource 0 [io  0xd000-0xdfff]
[    5.111601] pci_bus 0000:0d: resource 1 [mem 0xfcb00000-0xfcbfffff]
[    5.111601] pci_bus 0000:0d: resource 2 [mem 0xe7100000-0xe71fffff 64bit pref]
[    5.111601] pci_bus 0000:0e: resource 1 [mem 0xfc700000-0xfc7fffff]
[    5.111601] pci_bus 0000:0e: resource 2 [mem 0xe6d00000-0xe6dfffff 64bit pref]
[    5.111601] pci_bus 0000:0f: resource 1 [mem 0xfc300000-0xfc3fffff]
[    5.111601] pci_bus 0000:0f: resource 2 [mem 0xe6900000-0xe69fffff 64bit pref]
[    5.111601] pci_bus 0000:10: resource 1 [mem 0xfbf00000-0xfbffffff]
[    5.111601] pci_bus 0000:10: resource 2 [mem 0xe6500000-0xe65fffff 64bit pref]
[    5.111601] pci_bus 0000:11: resource 1 [mem 0xfbb00000-0xfbbfffff]
[    5.111601] pci_bus 0000:11: resource 2 [mem 0xe6100000-0xe61fffff 64bit pref]
[    5.111601] pci_bus 0000:12: resource 1 [mem 0xfb700000-0xfb7fffff]
[    5.111601] pci_bus 0000:12: resource 2 [mem 0xe5d00000-0xe5dfffff 64bit pref]
[    5.111601] pci_bus 0000:13: resource 0 [io  0x6000-0x6fff]
[    5.111601] pci_bus 0000:13: resource 1 [mem 0xfd200000-0xfd2fffff]
[    5.111601] pci_bus 0000:13: resource 2 [mem 0xe7800000-0xe78fffff 64bit pref]
[    5.111601] pci_bus 0000:14: resource 0 [io  0xa000-0xafff]
[    5.111601] pci_bus 0000:14: resource 1 [mem 0xfce00000-0xfcefffff]
[    5.111601] pci_bus 0000:14: resource 2 [mem 0xe7400000-0xe74fffff 64bit pref]
[    5.111601] pci_bus 0000:15: resource 0 [io  0xe000-0xefff]
[    5.111601] pci_bus 0000:15: resource 1 [mem 0xfca00000-0xfcafffff]
[    5.111601] pci_bus 0000:15: resource 2 [mem 0xe7000000-0xe70fffff 64bit pref]
[    5.111601] pci_bus 0000:16: resource 1 [mem 0xfc600000-0xfc6fffff]
[    5.111601] pci_bus 0000:16: resource 2 [mem 0xe6c00000-0xe6cfffff 64bit pref]
[    5.111601] pci_bus 0000:17: resource 1 [mem 0xfc200000-0xfc2fffff]
[    5.111601] pci_bus 0000:17: resource 2 [mem 0xe6800000-0xe68fffff 64bit pref]
[    5.111601] pci_bus 0000:18: resource 1 [mem 0xfbe00000-0xfbefffff]
[    5.111601] pci_bus 0000:18: resource 2 [mem 0xe6400000-0xe64fffff 64bit pref]
[    5.111601] pci_bus 0000:19: resource 1 [mem 0xfba00000-0xfbafffff]
[    5.111601] pci_bus 0000:19: resource 2 [mem 0xe6000000-0xe60fffff 64bit pref]
[    5.111601] pci_bus 0000:1a: resource 1 [mem 0xfb600000-0xfb6fffff]
[    5.111601] pci_bus 0000:1a: resource 2 [mem 0xe5c00000-0xe5cfffff 64bit pref]
[    5.111601] pci_bus 0000:1b: resource 0 [io  0x7000-0x7fff]
[    5.111601] pci_bus 0000:1b: resource 1 [mem 0xfd100000-0xfd1fffff]
[    5.111601] pci_bus 0000:1b: resource 2 [mem 0xe7700000-0xe77fffff 64bit pref]
[    5.111601] pci_bus 0000:1c: resource 0 [io  0xb000-0xbfff]
[    5.111601] pci_bus 0000:1c: resource 1 [mem 0xfcd00000-0xfcdfffff]
[    5.111601] pci_bus 0000:1c: resource 2 [mem 0xe7300000-0xe73fffff 64bit pref]
[    5.111601] pci_bus 0000:1d: resource 1 [mem 0xfc900000-0xfc9fffff]
[    5.111601] pci_bus 0000:1d: resource 2 [mem 0xe6f00000-0xe6ffffff 64bit pref]
[    5.111601] pci_bus 0000:1e: resource 1 [mem 0xfc500000-0xfc5fffff]
[    5.111601] pci_bus 0000:1e: resource 2 [mem 0xe6b00000-0xe6bfffff 64bit pref]
[    5.111601] pci_bus 0000:1f: resource 1 [mem 0xfc100000-0xfc1fffff]
[    5.111601] pci_bus 0000:1f: resource 2 [mem 0xe6700000-0xe67fffff 64bit pref]
[    5.111601] pci_bus 0000:20: resource 1 [mem 0xfbd00000-0xfbdfffff]
[    5.111601] pci_bus 0000:20: resource 2 [mem 0xe6300000-0xe63fffff 64bit pref]
[    5.111601] pci_bus 0000:21: resource 1 [mem 0xfb900000-0xfb9fffff]
[    5.111601] pci_bus 0000:21: resource 2 [mem 0xe5f00000-0xe5ffffff 64bit pref]
[    5.111601] pci_bus 0000:22: resource 1 [mem 0xfb500000-0xfb5fffff]
[    5.111601] pci_bus 0000:22: resource 2 [mem 0xe5b00000-0xe5bfffff 64bit pref]
[    5.111601] pci 0000:00:00.0: Limiting direct PCI/PCI transfers
[    5.111601] pci 0000:02:01.0: CLS mismatch (32 != 64), using 64 bytes
[    5.111604] PCI-DMA: Using software bounce buffering for IO (SWIOTLB)
[    5.111604] software IO TLB: mapped [mem 0x00000000bbed0000-0x00000000bfed0000] (64MB)
[    5.111604] clocksource: tsc: mask: 0xffffffffffffffff max_cycles: 0x2df11c600c7, max_idle_ns: 440795237727 ns
[    5.111606] clocksource: Switched to clocksource tsc
[    5.111606] Trying to unpack rootfs image as initramfs...
[    5.111606] Initialise system trusted keyrings
[    5.111606] Key type blacklist registered
[    5.111606] workingset: timestamp_bits=36 max_order=20 bucket_order=0
[    5.111606] zbud: loaded
[    5.111606] squashfs: version 4.0 (2009/01/31) Phillip Lougher
[    5.111606] fuse: init (API version 7.38)
[    5.111606] integrity: Platform Keyring initialized
[    5.111606] integrity: Machine keyring initialized
[    5.111606] jitterentropy: Initialization failed with host not compliant with requirements: 10
[    5.111606] Key type asymmetric registered
[    5.111606] Asymmetric key parser 'x509' registered
[    5.111606] Block layer SCSI generic (bsg) driver version 0.4 loaded (major 243)
[    5.111606] io scheduler mq-deadline registered
[    5.141060] pcieport 0000:00:15.0: PME: Signaling with IRQ 24
[    5.141675] pcieport 0000:00:15.0: pciehp: Slot #160 AttnBtn+ PwrCtrl+ MRL- AttnInd- PwrInd- HotPlug+ Surprise- Interlock- NoCompl+ IbPresDis- LLActRep+
[    5.151384] pcieport 0000:00:15.1: PME: Signaling with IRQ 25
[    5.152052] pcieport 0000:00:15.1: pciehp: Slot #161 AttnBtn+ PwrCtrl+ MRL- AttnInd- PwrInd- HotPlug+ Surprise- Interlock- NoCompl+ IbPresDis- LLActRep+
[    5.157497] pcieport 0000:00:15.2: PME: Signaling with IRQ 26
[    5.158316] pcieport 0000:00:15.2: pciehp: Slot #162 AttnBtn+ PwrCtrl+ MRL- AttnInd- PwrInd- HotPlug+ Surprise- Interlock- NoCompl+ IbPresDis- LLActRep+
[    5.161572] pcieport 0000:00:15.3: PME: Signaling with IRQ 27
[    5.161572] pcieport 0000:00:15.3: pciehp: Slot #163 AttnBtn+ PwrCtrl+ MRL- AttnInd- PwrInd- HotPlug+ Surprise- Interlock- NoCompl+ IbPresDis- LLActRep+
[    5.161601] pcieport 0000:00:15.4: PME: Signaling with IRQ 28
[    5.161601] pcieport 0000:00:15.4: pciehp: Slot #164 AttnBtn+ PwrCtrl+ MRL- AttnInd- PwrInd- HotPlug+ Surprise- Interlock- NoCompl+ IbPresDis- LLActRep+
[    5.161601] pcieport 0000:00:15.5: PME: Signaling with IRQ 29
[    5.161601] pcieport 0000:00:15.5: pciehp: Slot #165 AttnBtn+ PwrCtrl+ MRL- AttnInd- PwrInd- HotPlug+ Surprise- Interlock- NoCompl+ IbPresDis- LLActRep+
[    5.161601] pcieport 0000:00:15.6: PME: Signaling with IRQ 30
[    5.161601] pcieport 0000:00:15.6: pciehp: Slot #166 AttnBtn+ PwrCtrl+ MRL- AttnInd- PwrInd- HotPlug+ Surprise- Interlock- NoCompl+ IbPresDis- LLActRep+
[    5.161601] pcieport 0000:00:15.7: PME: Signaling with IRQ 31
[    5.161601] pcieport 0000:00:15.7: pciehp: Slot #167 AttnBtn+ PwrCtrl+ MRL- AttnInd- PwrInd- HotPlug+ Surprise- Interlock- NoCompl+ IbPresDis- LLActRep+
[    5.161601] pcieport 0000:00:16.0: PME: Signaling with IRQ 32
[    5.161601] pcieport 0000:00:16.0: pciehp: Slot #192 AttnBtn+ PwrCtrl+ MRL- AttnInd- PwrInd- HotPlug+ Surprise- Interlock- NoCompl+ IbPresDis- LLActRep+
[    5.161601] pcieport 0000:00:16.1: PME: Signaling with IRQ 33
[    5.161601] pcieport 0000:00:16.1: pciehp: Slot #193 AttnBtn+ PwrCtrl+ MRL- AttnInd- PwrInd- HotPlug+ Surprise- Interlock- NoCompl+ IbPresDis- LLActRep+
[    5.161601] pcieport 0000:00:16.2: PME: Signaling with IRQ 34
[    5.161601] pcieport 0000:00:16.2: pciehp: Slot #194 AttnBtn+ PwrCtrl+ MRL- AttnInd- PwrInd- HotPlug+ Surprise- Interlock- NoCompl+ IbPresDis- LLActRep+
[    5.161601] pcieport 0000:00:16.3: PME: Signaling with IRQ 35
[    5.161601] pcieport 0000:00:16.3: pciehp: Slot #195 AttnBtn+ PwrCtrl+ MRL- AttnInd- PwrInd- HotPlug+ Surprise- Interlock- NoCompl+ IbPresDis- LLActRep+
[    5.161601] pcieport 0000:00:16.4: PME: Signaling with IRQ 36
[    5.161601] pcieport 0000:00:16.4: pciehp: Slot #196 AttnBtn+ PwrCtrl+ MRL- AttnInd- PwrInd- HotPlug+ Surprise- Interlock- NoCompl+ IbPresDis- LLActRep+
[    5.161602] pcieport 0000:00:16.5: PME: Signaling with IRQ 37
[    5.161602] pcieport 0000:00:16.5: pciehp: Slot #197 AttnBtn+ PwrCtrl+ MRL- AttnInd- PwrInd- HotPlug+ Surprise- Interlock- NoCompl+ IbPresDis- LLActRep+
[    5.161602] pcieport 0000:00:16.6: PME: Signaling with IRQ 38
[    5.161602] pcieport 0000:00:16.6: pciehp: Slot #198 AttnBtn+ PwrCtrl+ MRL- AttnInd- PwrInd- HotPlug+ Surprise- Interlock- NoCompl+ IbPresDis- LLActRep+
[    5.161602] pcieport 0000:00:16.7: PME: Signaling with IRQ 39
[    5.161602] pcieport 0000:00:16.7: pciehp: Slot #199 AttnBtn+ PwrCtrl+ MRL- AttnInd- PwrInd- HotPlug+ Surprise- Interlock- NoCompl+ IbPresDis- LLActRep+
[    5.161602] pcieport 0000:00:17.0: PME: Signaling with IRQ 40
[    5.161602] pcieport 0000:00:17.0: pciehp: Slot #224 AttnBtn+ PwrCtrl+ MRL- AttnInd- PwrInd- HotPlug+ Surprise- Interlock- NoCompl+ IbPresDis- LLActRep+
[    5.161602] pcieport 0000:00:17.1: PME: Signaling with IRQ 41
[    5.161602] pcieport 0000:00:17.1: pciehp: Slot #225 AttnBtn+ PwrCtrl+ MRL- AttnInd- PwrInd- HotPlug+ Surprise- Interlock- NoCompl+ IbPresDis- LLActRep+
[    5.161602] pcieport 0000:00:17.2: PME: Signaling with IRQ 42
[    5.161602] pcieport 0000:00:17.2: pciehp: Slot #226 AttnBtn+ PwrCtrl+ MRL- AttnInd- PwrInd- HotPlug+ Surprise- Interlock- NoCompl+ IbPresDis- LLActRep+
[    5.161602] pcieport 0000:00:17.3: PME: Signaling with IRQ 43
[    5.161602] pcieport 0000:00:17.3: pciehp: Slot #227 AttnBtn+ PwrCtrl+ MRL- AttnInd- PwrInd- HotPlug+ Surprise- Interlock- NoCompl+ IbPresDis- LLActRep+
[    5.161602] pcieport 0000:00:17.4: PME: Signaling with IRQ 44
[    5.161602] pcieport 0000:00:17.4: pciehp: Slot #228 AttnBtn+ PwrCtrl+ MRL- AttnInd- PwrInd- HotPlug+ Surprise- Interlock- NoCompl+ IbPresDis- LLActRep+
[    5.161602] pcieport 0000:00:17.5: PME: Signaling with IRQ 45
[    5.161602] pcieport 0000:00:17.5: pciehp: Slot #229 AttnBtn+ PwrCtrl+ MRL- AttnInd- PwrInd- HotPlug+ Surprise- Interlock- NoCompl+ IbPresDis- LLActRep+
[    5.161602] pcieport 0000:00:17.6: PME: Signaling with IRQ 46
[    5.161602] pcieport 0000:00:17.6: pciehp: Slot #230 AttnBtn+ PwrCtrl+ MRL- AttnInd- PwrInd- HotPlug+ Surprise- Interlock- NoCompl+ IbPresDis- LLActRep+
[    5.161602] pcieport 0000:00:17.7: PME: Signaling with IRQ 47
[    5.161602] pcieport 0000:00:17.7: pciehp: Slot #231 AttnBtn+ PwrCtrl+ MRL- AttnInd- PwrInd- HotPlug+ Surprise- Interlock- NoCompl+ IbPresDis- LLActRep+
[    5.161602] pcieport 0000:00:18.0: PME: Signaling with IRQ 48
[    5.161602] pcieport 0000:00:18.0: pciehp: Slot #256 AttnBtn+ PwrCtrl+ MRL- AttnInd- PwrInd- HotPlug+ Surprise- Interlock- NoCompl+ IbPresDis- LLActRep+
[    5.161602] pcieport 0000:00:18.1: PME: Signaling with IRQ 49
[    5.161602] pcieport 0000:00:18.1: pciehp: Slot #257 AttnBtn+ PwrCtrl+ MRL- AttnInd- PwrInd- HotPlug+ Surprise- Interlock- NoCompl+ IbPresDis- LLActRep+
[    5.161602] pcieport 0000:00:18.2: PME: Signaling with IRQ 50
[    5.161602] pcieport 0000:00:18.2: pciehp: Slot #258 AttnBtn+ PwrCtrl+ MRL- AttnInd- PwrInd- HotPlug+ Surprise- Interlock- NoCompl+ IbPresDis- LLActRep+
[    5.161603] pcieport 0000:00:18.3: PME: Signaling with IRQ 51
[    5.161603] pcieport 0000:00:18.3: pciehp: Slot #259 AttnBtn+ PwrCtrl+ MRL- AttnInd- PwrInd- HotPlug+ Surprise- Interlock- NoCompl+ IbPresDis- LLActRep+
[    5.161603] pcieport 0000:00:18.4: PME: Signaling with IRQ 52
[    5.161603] pcieport 0000:00:18.4: pciehp: Slot #260 AttnBtn+ PwrCtrl+ MRL- AttnInd- PwrInd- HotPlug+ Surprise- Interlock- NoCompl+ IbPresDis- LLActRep+
[    5.161603] pcieport 0000:00:18.5: PME: Signaling with IRQ 53
[    5.161603] pcieport 0000:00:18.5: pciehp: Slot #261 AttnBtn+ PwrCtrl+ MRL- AttnInd- PwrInd- HotPlug+ Surprise- Interlock- NoCompl+ IbPresDis- LLActRep+
[    5.161603] pcieport 0000:00:18.6: PME: Signaling with IRQ 54
[    5.161603] pcieport 0000:00:18.6: pciehp: Slot #262 AttnBtn+ PwrCtrl+ MRL- AttnInd- PwrInd- HotPlug+ Surprise- Interlock- NoCompl+ IbPresDis- LLActRep+
[    5.161603] pcieport 0000:00:18.7: PME: Signaling with IRQ 55
[    5.161603] pcieport 0000:00:18.7: pciehp: Slot #263 AttnBtn+ PwrCtrl+ MRL- AttnInd- PwrInd- HotPlug+ Surprise- Interlock- NoCompl+ IbPresDis- LLActRep+
[    5.161603] shpchp: Standard Hot Plug PCI Controller Driver version: 0.4
[    5.161603] ACPI: AC: AC Adapter [ACAD] (on-line)
[    5.161603] input: Power Button as /devices/LNXSYSTM:00/LNXPWRBN:00/input/input0
[    5.161603] ACPI: button: Power Button [PWRF]
[    5.161603] Serial: 8250/16550 driver, 32 ports, IRQ sharing enabled
[    5.718938] 00:05: ttyS0 at I/O 0x3f8 (irq = 4, base_baud = 115200) is a 16550A
[    6.224530] Linux agpgart interface v0.103
[    6.225028] agpgart-intel 0000:00:00.0: Intel 440BX Chipset
[    6.227095] agpgart-intel 0000:00:00.0: AGP aperture is 256M @ 0x0
[    6.864027] loop: module loaded
[    6.868084] ata_piix 0000:00:07.1: version 2.13
[    6.876944] scsi host0: ata_piix
[    6.916126] scsi host1: ata_piix
[    6.917102] ata1: PATA max UDMA/33 cmd 0x1f0 ctl 0x3f6 bmdma 0x1060 irq 14
[    6.917144] ata2: PATA max UDMA/33 cmd 0x170 ctl 0x376 bmdma 0x1068 irq 15
[    6.919342] tun: Universal TUN/TAP device driver, 1.6
[    6.921351] PPP generic driver version 2.4.2
[    6.925964] uhci_hcd 0000:02:00.0: UHCI Host Controller
[    6.926026] uhci_hcd 0000:02:00.0: new USB bus registered, assigned bus number 1
[    6.926228] uhci_hcd 0000:02:00.0: detected 2 ports
[    6.927652] uhci_hcd 0000:02:00.0: irq 18, io port 0x00002080
[    6.929828] usb usb1: New USB device found, idVendor=1d6b, idProduct=0001, bcdDevice= 6.02
[    6.929828] usb usb1: New USB device strings: Mfr=3, Product=2, SerialNumber=1
[    6.929828] usb usb1: Product: UHCI Host Controller
[    6.929828] usb usb1: Manufacturer: Linux 6.2.0-26-generic uhci_hcd
[    6.929828] usb usb1: SerialNumber: 0000:02:00.0
[    6.964168] hub 1-0:1.0: USB hub found
[    6.964370] hub 1-0:1.0: 2 ports detected
[    6.967081] ehci-pci 0000:02:03.0: EHCI Host Controller
[    6.967128] ehci-pci 0000:02:03.0: new USB bus registered, assigned bus number 2
[    6.967124] i8042: PNP: PS/2 Controller [PNP0303:KBC,PNP0f13:MOUS] at 0x60,0x64 irq 1,12
[    6.968758] ehci-pci 0000:02:03.0: irq 17, io mem 0xfd5ef000
[    6.973279] serio: i8042 KBD port at 0x60,0x64 irq 1
[    6.973397] serio: i8042 AUX port at 0x60,0x64 irq 12
[    6.975460] mousedev: PS/2 mouse device common for all mice
[    7.016110] ehci-pci 0000:02:03.0: USB 2.0 started, EHCI 1.00
[    7.016154] input: AT Translated Set 2 keyboard as /devices/platform/i8042/serio0/input/input1
[    7.017202] usb usb2: New USB device found, idVendor=1d6b, idProduct=0002, bcdDevice= 6.02
[    7.017236] usb usb2: New USB device strings: Mfr=3, Product=2, SerialNumber=1
[    7.017267] usb usb2: Product: EHCI Host Controller
[    7.017298] usb usb2: Manufacturer: Linux 6.2.0-26-generic ehci_hcd
[    7.017327] usb usb2: SerialNumber: 0000:02:03.0
[    7.019262] hub 2-0:1.0: USB hub found
[    7.019425] hub 2-0:1.0: 6 ports detected
[    7.019938] rtc_cmos 00:01: registered as rtc0
[    7.020789] rtc_cmos 00:01: setting system clock to 2023-08-21T13:00:07 UTC (1692622807)
[    7.021493] rtc_cmos 00:01: alarms up to one month, y3k, 114 bytes nvram
[    7.021582] i2c_dev: i2c /dev entries driver
[    7.022110] device-mapper: core: CONFIG_IMA_DISABLE_HTABLE is disabled. Duplicate IMA measurements will not be recorded in the IMA log.
[    7.022609] device-mapper: uevent: version 1.0.3
[    7.023629] device-mapper: ioctl: 4.47.0-ioctl (2022-07-28) initialised: dm-devel@redhat.com
[    7.023749] platform eisa.0: Probing EISA bus 0
[    7.023783] platform eisa.0: EISA: Cannot allocate resource for mainboard
[    7.023812] platform eisa.0: Cannot allocate resource for EISA slot 1
[    7.023842] platform eisa.0: Cannot allocate resource for EISA slot 2
[    7.023873] platform eisa.0: Cannot allocate resource for EISA slot 3
[    7.023902] platform eisa.0: Cannot allocate resource for EISA slot 4
[    7.023932] platform eisa.0: Cannot allocate resource for EISA slot 5
[    7.023962] platform eisa.0: Cannot allocate resource for EISA slot 6
[    7.023991] platform eisa.0: Cannot allocate resource for EISA slot 7
[    7.024021] platform eisa.0: Cannot allocate resource for EISA slot 8
[    7.024050] platform eisa.0: EISA: Detected 0 cards
[    7.024131] intel_pstate: CPU model not supported
[    7.026522] ledtrig-cpu: registered to indicate activity on CPUs
[    7.027815] drop_monitor: Initializing network drop monitor service
[    7.227370] usb 1-1: new full-speed USB device number 2 using uhci_hcd
[    7.469131] NET: Registered PF_INET6 protocol family
[    7.626318] usb 1-1: New USB device found, idVendor=0e0f, idProduct=0003, bcdDevice= 1.03
[    7.626355] usb 1-1: New USB device strings: Mfr=1, Product=2, SerialNumber=0
[    7.626386] usb 1-1: Product: VMware Virtual USB Mouse
[    7.626415] usb 1-1: Manufacturer: VMware
[    7.926223] usb 1-2: new full-speed USB device number 3 using uhci_hcd
[    8.218916] usb 1-2: New USB device found, idVendor=0e0f, idProduct=0002, bcdDevice= 1.00
[    8.218963] usb 1-2: New USB device strings: Mfr=1, Product=2, SerialNumber=0
[    8.218993] usb 1-2: Product: VMware Virtual USB Hub
[    8.219027] usb 1-2: Manufacturer: VMware, Inc.
[    8.225338] hub 1-2:1.0: USB hub found
[    8.227468] hub 1-2:1.0: 7 ports detected
[    9.211577] Freeing initrd memory: 74908K
[   10.121049] Segment Routing with IPv6
[   10.121147] In-situ OAM (IOAM) with IPv6
[   10.121416] NET: Registered PF_PACKET protocol family
[   10.123551] Key type dns_resolver registered
[   10.162962] IPI shorthand broadcast: enabled
[   10.172094] sched_clock: Marking stable (9595770363, 574350141)->(16262866142, -6092745638)
[   10.178548] registered taskstats version 1
[   10.276662] Loading compiled-in X.509 certificates
[   10.313075] Loaded X.509 cert 'Build time autogenerated kernel key: 7e8a911f7d9cb786faff21a04ffcc222d06c6972'
[   10.314432] Loaded X.509 cert 'Canonical Ltd. Live Patch Signing: 14df34d1a87cf37625abec039ef2bf521249b969'
[   10.316058] Loaded X.509 cert 'Canonical Ltd. Kernel Module Signing: 88f752e560a1e0737e31163a466ad7b70a850c19'
[   10.316139] blacklist: Loading compiled-in revocation X.509 certificates
[   10.316215] Loaded X.509 cert 'Canonical Ltd. Secure Boot Signing: 61482aa2830d0ab2ad5af10b7250da9033ddcef0'
[   10.316282] Loaded X.509 cert 'Canonical Ltd. Secure Boot Signing (2017): 242ade75ac4a15e50d50c84b0d45ff3eae707a03'
[   10.316349] Loaded X.509 cert 'Canonical Ltd. Secure Boot Signing (ESM 2018): 365188c1d374d6b07c3c8f240f8ef722433d6a8b'
[   10.316414] Loaded X.509 cert 'Canonical Ltd. Secure Boot Signing (2019): c0746fd6c5da3ae827864651ad66ae47fe24b3e8'
[   10.316479] Loaded X.509 cert 'Canonical Ltd. Secure Boot Signing (2021 v1): a8d54bbb3825cfb94fa13c9f8a594a195c107b8d'
[   10.316720] Loaded X.509 cert 'Canonical Ltd. Secure Boot Signing (2021 v2): 4cf046892d6fd3c9a5b03f98d845f90851dc6a8c'
[   10.316786] Loaded X.509 cert 'Canonical Ltd. Secure Boot Signing (2021 v3): 100437bb6de6e469b581e61cd66bce3ef4ed53af'
[   10.316851] Loaded X.509 cert 'Canonical Ltd. Secure Boot Signing (Ubuntu Core 2019): c1d57b8f6b743f23ee41f4f7ee292f06eecadfb9'
[   11.624338] zswap: loaded using pool lzo/zbud
[   11.718945] Key type .fscrypt registered
[   11.718984] Key type fscrypt-provisioning registered
[   11.913784] Key type encrypted registered
[   11.914148] AppArmor: AppArmor sha1 policy hashing enabled
[   11.914296] ima: No TPM chip found, activating TPM-bypass!
[   11.914332] Loading compiled-in module X.509 certificates
[   11.915855] Loaded X.509 cert 'Build time autogenerated kernel key: 7e8a911f7d9cb786faff21a04ffcc222d06c6972'
[   11.915887] ima: Allocated hash algorithm: sha1
[   11.915930] ima: No architecture policies found
[   11.916271] evm: Initialising EVM extended attributes:
[   11.916327] evm: security.selinux
[   11.916367] evm: security.SMACK64
[   11.916403] evm: security.SMACK64EXEC
[   11.916440] evm: security.SMACK64TRANSMUTE
[   11.916478] evm: security.SMACK64MMAP
[   11.916518] evm: security.apparmor
[   11.916555] evm: security.ima
[   11.916594] evm: security.capability
[   11.916628] evm: HMAC attrs: 0x1
[   11.920391] PM:   Magic number: 3:929:28
[   11.920665] clockevents clockevent98: hash matches
[   11.924837] RAS: Correctable Errors collector initialized.
[   12.021727] Freeing unused decrypted memory: 2036K
[   12.024037] Freeing unused kernel image (initmem) memory: 4664K
[   12.024391] Write protecting the kernel read-only data: 34816k
[   12.026435] Freeing unused kernel image (rodata/data gap) memory: 1640K
[   12.175649] x86/mm: Checked W+X mappings: passed, no W+X pages found.
[   12.175686] x86/mm: Checking user space page tables
[   12.313503] x86/mm: Checked W+X mappings: passed, no W+X pages found.
[   12.313556] Run /init as init process
[   12.313585]   with arguments:
[   12.313614]     /init
[   12.313641]     auto
[   12.313669]     noprompt
[   12.313696]     splash
[   12.313724]   with environment:
[   12.313751]     HOME=/
[   12.313779]     TERM=linux
[   12.313806]     BOOT_IMAGE=/boot/vmlinuz-6.2.0-26-generic
[   12.313834]     find_preseed=/preseed.cfg
[   12.313862]     priority=critical
[   12.313890]     locale=en_US
[   18.173490] Floppy drive(s): fd0 is 1.44M
[   18.221540] FDC 0 is a post-1991 82077
[   22.470118] piix4_smbus 0000:00:07.3: SMBus Host Controller not enabled!
[   22.664767] ahci 0000:02:04.0: version 3.0
[   22.666625] Fusion MPT base driver 3.04.20
[   22.666666] Copyright (c) 1999-2008 LSI Corporation
[   22.716292] e1000: Intel(R) PRO/1000 Network Driver
[   22.716326] e1000: Copyright (c) 1999-2006 Intel Corporation.
[   22.722413] ahci 0000:02:04.0: AHCI 0001.0300 32 slots 30 ports 6 Gbps 0x3fffffff impl SATA mode
[   22.722465] ahci 0000:02:04.0: flags: 64bit ncq clo only 
[   22.970893] Fusion MPT SPI Host driver 3.04.20
[   22.977186] mptbase: ioc0: Initiating bringup
[   23.127832] hid: raw HID events driver (C) Jiri Kosina
[   23.316822] scsi host2: ahci
[   23.320631] ioc0: LSI53C1030 B0: Capabilities={Initiator}
[   23.325371] scsi host3: ahci
[   23.364697] scsi host4: ahci
[   23.371132] scsi host5: ahci
[   23.415404] scsi host6: ahci
[   23.420414] scsi host7: ahci
[   23.463659] scsi host8: ahci
[   23.474617] scsi host9: ahci
[   23.566415] scsi host10: ahci
[   23.570699] scsi host11: ahci
[   23.575211] scsi host12: ahci
[   23.621260] scsi host13: ahci
[   23.666809] scsi host14: ahci
[   23.671736] scsi host15: ahci
[   23.676308] scsi host16: ahci
[   23.718331] scsi host17: ahci
[   23.723425] scsi host18: ahci
[   23.762247] scsi host19: ahci
[   23.813108] scsi host20: ahci
[   23.866517] scsi host21: ahci
[   23.870389] scsi host22: ahci
[   23.872597] input: VirtualPS/2 VMware VMMouse as /devices/platform/i8042/serio1/input/input4
[   23.878116] input: VirtualPS/2 VMware VMMouse as /devices/platform/i8042/serio1/input/input3
[   23.913448] scsi host23: ahci
[   24.062289] scsi host24: ioc0: LSI53C1030 B0, FwRev=01032920h, Ports=1, MaxQ=128, IRQ=17
[   24.066291] scsi host25: ahci
[   24.075494] scsi host26: ahci
[   24.126698] scsi host27: ahci
[   24.170067] scsi host28: ahci
